ARM Linker, 4.1 [Build 481] [Evaluation]

==============================================================================

Section Cross References

    stm32f10x_startup.o(STACK) refers (Special) to heapauxi.o(.text) for __use_two_region_memory
    stm32f10x_startup.o(HEAP) refers (Special) to heapauxi.o(.text) for __use_two_region_memory
    stm32f10x_startup.o(RESET) refers (Special) to heapauxi.o(.text) for __use_two_region_memory
    stm32f10x_startup.o(RESET) refers to stm32f10x_startup.o(STACK) for Stack
    stm32f10x_startup.o(RESET) refers to os_cpu_a.o(.text) for OSPendSV
    stm32f10x_startup.o(RESET) refers to stm32f10x_it.o(.text) for SysTickHandler
    stm32f10x_startup.o(RESET) refers to bikerent.o(.text) for EXTI2_IRQHandler
    stm32f10x_startup.o(RESET) refers to can.o(.text) for USB_LP_CAN_RX0_IRQHandler
    stm32f10x_startup.o(RESET) refers to bikereturn.o(.text) for EXTI9_5_IRQHandler
    stm32f10x_startup.o(RESET) refers to usart.o(.text) for USART2_IRQHandler
    stm32f10x_startup.o(RESET) refers to __main.o(!!!main) for __main
    stm32f10x_startup.o(.text) refers (Special) to heapauxi.o(.text) for __use_two_region_memory
    stm32f10x_startup.o(.text) refers to stm32f10x_startup.o(HEAP) for Heap
    stm32f10x_startup.o(.text) refers to stm32f10x_startup.o(STACK) for Stack
    app.o(.text) refers to os_task.o(.text) for OSTaskCreateExt
    app.o(.text) refers to os_flag.o(.text) for OSFlagCreate
    app.o(.text) refers to os_q.o(.text) for OSQCreate
    app.o(.text) refers to os_mutex.o(.text) for OSMutexCreate
    app.o(.text) refers to bsp.o(.text) for NVIC_Configuration
    app.o(.text) refers to usart.o(.text) for USART4_Configuration
    app.o(.text) refers to can.o(.text) for CAN_Config
    app.o(.text) refers to ic_op.o(.text) for Read_Card_ID
    app.o(.text) refers to os_time.o(.text) for OSTimeDly
    app.o(.text) refers to os_core.o(.text) for OSInit
    app.o(.text) refers to app.o(.bss) for .bss
    app.o(.text) refers to canprocess.o(.text) for Task_Transaction_Process
    app.o(.text) refers to app.o(.data) for .data
    app.o(.text) refers to can.o(.data) for CAN_TX_Mutex
    stm32f10x_it.o(.text) refers to os_cpu_a.o(.text) for OS_CPU_SR_Save
    stm32f10x_it.o(.text) refers to os_core.o(.text) for OSTimeTick
    stm32f10x_it.o(.text) refers to stm32f10x_rtc.o(.text) for RTC_GetCounter
    stm32f10x_it.o(.text) refers to os_core.o(.data) for OSIntNesting
    bikerent.o(.text) refers to os_core.o(.text) for OSIntEnter
    bikerent.o(.text) refers to stm32f10x_exti.o(.text) for EXTI_GetITStatus
    bikerent.o(.text) refers to os_flag.o(.text) for OSFlagPost
    bikerent.o(.text) refers to ic_op.o(.text) for Block_Read
    bikerent.o(.text) refers to rtc.o(.text) for get_clock
    bikerent.o(.text) refers to app.o(.data) for SYS_STATE
    bikerent.o(.text) refers to ic_op.o(.data) for CSN
    bikerent.o(.text) refers to usart.o(.bss) for IC_Buf
    bikereturn.o(.text) refers to os_core.o(.text) for OSIntEnter
    bikereturn.o(.text) refers to stm32f10x_exti.o(.text) for EXTI_GetITStatus
    bikereturn.o(.text) refers to os_flag.o(.text) for OSFlagPost
    bikereturn.o(.text) refers to os_time.o(.text) for OSTimeDly
    bikereturn.o(.text) refers to app.o(.data) for SYS_EVENT_FLAG
    ic_op.o(.text) refers to usart.o(.text) for USART4Write
    ic_op.o(.text) refers to os_sem.o(.text) for OSSemPend
    ic_op.o(.text) refers to ic_op.o(.bss) for .bss
    ic_op.o(.text) refers to ic_op.o(.data) for .data
    ic_op.o(.text) refers to usart.o(.bss) for IC_Buf
    canprocess.o(.text) refers to usart.o(.text) for COM_Init
    canprocess.o(.text) refers to bikerent.o(.text) for Task_Bike_Rent
    canprocess.o(.text) refers to bikereturn.o(.text) for Task_Bike_Return
    canprocess.o(.text) refers to os_sem.o(.text) for OSSemPend
    canprocess.o(.text) refers to app.o(.data) for SYS_STATE
    canprocess.o(.text) refers to can.o(.bss) for CAN_RX_BUF
    bsp.o(.text) refers to stm32f10x_rcc.o(.text) for RCC_DeInit
    bsp.o(.text) refers to stm32f10x_flash.o(.text) for FLASH_PrefetchBufferCmd
    bsp.o(.text) refers to stm32f10x_systick.o(.text) for SysTick_SetReload
    bsp.o(.text) refers to cpu_a.o(.text) for CPU_IntDis
    bsp.o(.text) refers to stm32f10x_gpio.o(.text) for GPIO_EXTILineConfig
    bsp.o(.text) refers to stm32f10x_exti.o(.text) for EXTI_Init
    bsp.o(.text) refers to stm32f10x_nvic.o(.text) for NVIC_SetVectorTable
    bsp.o(.text) refers to stm32f10x_iwdg.o(.text) for IWDG_WriteAccessCmd
    bsp.o(.text) refers to bsp.o(.data) for .data
    usart.o(.text) refers to os_sem.o(.text) for OSSemCreate
    usart.o(.text) refers to stm32f10x_usart.o(.text) for USART_Init
    usart.o(.text) refers to os_core.o(.text) for OSIntEnter
    usart.o(.text) refers to usart.o(.bss) for .bss
    usart.o(.text) refers to usart.o(.data) for .data
    can.o(.text) refers to stm32f10x_gpio.o(.text) for GPIO_PinRemapConfig
[...]
    Source\BSP\USART.c                       0x00000000   Number         0  usart.o ABSOLUTE
    Source\BSP\Voice.c                       0x00000000   Number         0  voice.o ABSOLUTE
    Source\BSP\bsp.c                         0x00000000   Number         0  bsp.o ABSOLUTE
    Source\BSP\system_stm32f10x.c            0x00000000   Number         0  system_stm32f10x.o ABSOLUTE
    Source\FWLib\src\stm32f10x_adc.c         0x00000000   Number         0  stm32f10x_adc.o ABSOLUTE
    Source\FWLib\src\stm32f10x_bkp.c         0x00000000   Number         0  stm32f10x_bkp.o ABSOLUTE
    Source\FWLib\src\stm32f10x_can.c         0x00000000   Number         0  stm32f10x_can.o ABSOLUTE
    Source\FWLib\src\stm32f10x_crc.c         0x00000000   Number         0  stm32f10x_crc.o ABSOLUTE
    Source\FWLib\src\stm32f10x_dac.c         0x00000000   Number         0  stm32f10x_dac.o ABSOLUTE
    Source\FWLib\src\stm32f10x_dbgmcu.c      0x00000000   Number         0  stm32f10x_dbgmcu.o ABSOLUTE
    Source\FWLib\src\stm32f10x_dma.c         0x00000000   Number         0  stm32f10x_dma.o ABSOLUTE
    Source\FWLib\src\stm32f10x_exti.c        0x00000000   Number         0  stm32f10x_exti.o ABSOLUTE
    Source\FWLib\src\stm32f10x_flash.c       0x00000000   Number         0  stm32f10x_flash.o ABSOLUTE
    Source\FWLib\src\stm32f10x_fsmc.c        0x00000000   Number         0  stm32f10x_fsmc.o ABSOLUTE
    Source\FWLib\src\stm32f10x_gpio.c        0x00000000   Number         0  stm32f10x_gpio.o ABSOLUTE
    Source\FWLib\src\stm32f10x_i2c.c         0x00000000   Number         0  stm32f10x_i2c.o ABSOLUTE
    Source\FWLib\src\stm32f10x_iwdg.c        0x00000000   Number         0  stm32f10x_iwdg.o ABSOLUTE
    Source\FWLib\src\stm32f10x_lib.c         0x00000000   Number         0  stm32f10x_lib.o ABSOLUTE
    Source\FWLib\src\stm32f10x_nvic.c        0x00000000   Number         0  stm32f10x_nvic.o ABSOLUTE
    Source\FWLib\src\stm32f10x_pwr.c         0x00000000   Number         0  stm32f10x_pwr.o ABSOLUTE
    Source\FWLib\src\stm32f10x_rcc.c         0x00000000   Number         0  stm32f10x_rcc.o ABSOLUTE
    Source\FWLib\src\stm32f10x_rtc.c         0x00000000   Number         0  stm32f10x_rtc.o ABSOLUTE
    Source\FWLib\src\stm32f10x_sdio.c        0x00000000   Number         0  stm32f10x_sdio.o ABSOLUTE
    Source\FWLib\src\stm32f10x_spi.c         0x00000000   Number         0  stm32f10x_spi.o ABSOLUTE
    Source\FWLib\src\stm32f10x_systick.c     0x00000000   Number         0  stm32f10x_systick.o ABSOLUTE
    Source\FWLib\src\stm32f10x_tim.c         0x00000000   Number         0  stm32f10x_tim.o ABSOLUTE
    Source\FWLib\src\stm32f10x_usart.c       0x00000000   Number         0  stm32f10x_usart.o ABSOLUTE
    Source\FWLib\src\stm32f10x_wwdg.c        0x00000000   Number         0  stm32f10x_wwdg.o ABSOLUTE
    Source\Startup\cortexm3_macro.s          0x00000000   Number         0  cortexm3_macro.o ABSOLUTE
    Source\Startup\stm32f10x_startup.s       0x00000000   Number         0  stm32f10x_startup.o ABSOLUTE
    Source\uCOS-II\Ports\os_cpu_a.asm        0x00000000   Number         0  os_cpu_a.o ABSOLUTE
    Source\uCOS-II\Ports\os_cpu_c.c          0x00000000   Number         0  os_cpu_c.o ABSOLUTE
    Source\uCOS-II\Ports\os_dbg.c            0x00000000   Number         0  os_dbg.o ABSOLUTE
    Source\uCOS-II\Source\os_core.c          0x00000000   Number         0  os_core.o ABSOLUTE
    Source\uCOS-II\Source\os_flag.c          0x00000000   Number         0  os_flag.o ABSOLUTE
    Source\uCOS-II\Source\os_mbox.c          0x00000000   Number         0  os_mbox.o ABSOLUTE
    Source\uCOS-II\Source\os_mem.c           0x00000000   Number         0  os_mem.o ABSOLUTE
    Source\uCOS-II\Source\os_mutex.c         0x00000000   Number         0  os_mutex.o ABSOLUTE
    Source\uCOS-II\Source\os_q.c             0x00000000   Number         0  os_q.o ABSOLUTE
    Source\uCOS-II\Source\os_sem.c           0x00000000   Number         0  os_sem.o ABSOLUTE
    Source\uCOS-II\Source\os_task.c          0x00000000   Number         0  os_task.o ABSOLUTE
    Source\uCOS-II\Source\os_time.c          0x00000000   Number         0  os_time.o ABSOLUTE
    Source\uCOS-II\Source\os_tmr.c           0x00000000   Number         0  os_tmr.o ABSOLUTE
    Source\uCOS-II\uC-CPU\cpu_a.asm          0x00000000   Number         0  cpu_a.o ABSOLUTE
    dc.s                                     0x00000000   Number         0  dc.o ABSOLUTE
    RESET                                    0x08000000   Section      280  stm32f10x_startup.o(RESET)
    NMIException                             0x08000105   Thumb Code     0  stm32f10x_startup.o(RESET)
    HardFaultException                       0x08000107   Thumb Code     0  stm32f10x_startup.o(RESET)
    MemManageException                       0x08000109   Thumb Code     0  stm32f10x_startup.o(RESET)
    BusFaultException                        0x0800010b   Thumb Code     0  stm32f10x_startup.o(RESET)
    UsageFaultException                      0x0800010d   Thumb Code     0  stm32f10x_startup.o(RESET)
    DebugMonitor                             0x0800010f   Thumb Code     0  stm32f10x_startup.o(RESET)
    SVCHandler                               0x08000111   Thumb Code     0  stm32f10x_startup.o(RESET)
    !!!main                                  0x08000118   Section        8  __main.o(!!!main)
    !!!scatter                               0x08000120   Section       52  __scatter.o(!!!scatter)
    !!handler_copy                           0x08000154   Section       26  __scatter_copy.o(!!handler_copy)
    !!handler_zi                             0x08000170   Section       28  __scatter_zi.o(!!handler_zi)
    .ARM.Collect$$libinit$$00000000          0x0800018c   Section        6  libinit.o(.ARM.Collect$$libinit$$00000000)
    .ARM.Collect$$libinit$$00000006          0x08000192   Section        0  libinit2.o(.ARM.Collect$$libinit$$00000006)
    .ARM.Collect$$libinit$$00000008          0x08000192   Section        0  libinit2.o(.ARM.Collect$$libinit$$00000008)
    .ARM.Collect$$libinit$$0000000A          0x08000192   Section        0  libinit2.o(.ARM.Collect$$libinit$$0000000A)
    .ARM.Collect$$libinit$$0000000D          0x08000192   Section        0  libinit2.o(.ARM.Collect$$libinit$$0000000D)
    .ARM.Collect$$libinit$$0000000F          0x08000192   Section        0  libinit2.o(.ARM.Collect$$libinit$$0000000F)
    .ARM.Collect$$libinit$$00000011          0x08000192   Section        0  libinit2.o(.ARM.Collect$$libinit$$00000011)
    .ARM.Collect$$libinit$$00000013          0x08000192   Section        0  libinit2.o(.ARM.Collect$$libinit$$00000013)
    .ARM.Collect$$libinit$$00000015          0x08000192   Section        0  libinit2.o(.ARM.Collect$$libinit$$00000015)
    .ARM.Collect$$libinit$$00000017          0x08000192   Section        0  libinit2.o(.ARM.Collect$$libinit$$00000017)
    .ARM.Collect$$libinit$$00000019          0x08000192   Section        0  libinit2.o(.ARM.Collect$$libinit$$00000019)
    .ARM.Collect$$libinit$$0000001B          0x08000192   Section        0  libinit2.o(.ARM.Collect$$libinit$$0000001B)
    .ARM.Collect$$libinit$$0000001D          0x08000192   Section        0  libinit2.o(.ARM.Collect$$libinit$$0000001D)
    .ARM.Collect$$libinit$$0000001F          0x08000192   Section        0  libinit2.o(.ARM.Collect$$libinit$$0000001F)
    .ARM.Collect$$libinit$$00000021          0x08000192   Section        0  libinit2.o(.ARM.Collect$$libinit$$00000021)
    .ARM.Collect$$libinit$$00000028          0x08000192   Section        0  libinit2.o(.ARM.Collect$$libinit$$00000028)
    .ARM.Collect$$libinit$$0000002A          0x08000192   Section        0  libinit2.o(.ARM.Collect$$libinit$$0000002A)
    .ARM.Collect$$libinit$$0000002C          0x08000192   Section        0  libinit2.o(.ARM.Collect$$libinit$$0000002C)
    .ARM.Collect$$libinit$$0000002E          0x08000192   Section        0  libinit2.o(.ARM.Collect$$libinit$$0000002E)
    .ARM.Collect$$libinit$$0000002F          0x08000192   Section        2  libinit2.o(.ARM.Collect$$libinit$$0000002F)
    .ARM.Collect$$libshutdown$$00000000      0x08000194   Section        2  libshutdown.o(.ARM.Collect$$libshutdown$$00000000)
    .ARM.Collect$$libshutdown$$00000003      0x08000196   Section        0  libshutdown2.o(.ARM.Collect$$libshutdown$$00000003)
    .ARM.Collect$$libshutdown$$00000006      0x08000196   Section        0  libshutdown2.o(.ARM.Collect$$libshutdown$$00000006)
    .ARM.Collect$$libshutdown$$00000009      0x08000196   Section        0  libshutdown2.o(.ARM.Collect$$libshutdown$$00000009)
    .ARM.Collect$$libshutdown$$0000000B      0x08000196   Section        0  libshutdown2.o(.ARM.Collect$$libshutdown$$0000000B)
    .ARM.Collect$$libshutdown$$0000000E      0x08000196   Section        0  libshutdown2.o(.ARM.Collect$$libshutdown$$0000000E)
    .ARM.Collect$$libshutdown$$0000000F      0x08000196   Section        2  libshutdown2.o(.ARM.Collect$$libshutdown$$0000000F)
    .ARM.Collect$$rtentry$$00000000          0x08000198   Section        0  rtentry.o(.ARM.Collect$$rtentry$$00000000)
    .ARM.Collect$$rtentry$$00000002          0x08000198   Section        0  rtentry2.o(.ARM.Collect$$rtentry$$00000002)
    .ARM.Collect$$rtentry$$00000004          0x08000198   Section        6  rtentry4.o(.ARM.Collect$$rtentry$$00000004)
    .ARM.Collect$$rtentry$$00000009          0x0800019e   Section        0  rtentry2.o(.ARM.Collect$$rtentry$$00000009)
    .ARM.Collect$$rtentry$$0000000A          0x0800019e   Section        4  rtentry2.o(.ARM.Collect$$rtentry$$0000000A)
    .ARM.Collect$$rtentry$$0000000C          0x080001a2   Section        0  rtentry2.o(.ARM.Collect$$rtentry$$0000000C)
    .ARM.Collect$$rtentry$$0000000D          0x080001a2   Section        8  rtentry2.o(.ARM.Collect$$rtentry$$0000000D)
    .ARM.Collect$$rtexit$$00000000           0x080001aa   Section        2  rtexit.o(.ARM.Collect$$rtexit$$00000000)
    .ARM.Collect$$rtexit$$00000002           0x080001ac   Section        0  rtexit2.o(.ARM.Collect$$rtexit$$00000002)
    .ARM.Collect$$rtexit$$00000003           0x080001ac   Section        4  rtexit2.o(.ARM.Collect$$rtexit$$00000003)
    .ARM.Collect$$rtexit$$00000004           0x080001b0   Section        6  rtexit2.o(.ARM.Collect$$rtexit$$00000004)
    .text                                    0x080001b8   Section      122  cortexm3_macro.o(.text)
    .text                                    0x08000234   Section       28  stm32f10x_startup.o(.text)
    .text                                    0x08000250   Section        0  app.o(.text)
    AppTaskStart                             0x080002e7   Thumb Code   128  app.o(.text)
    .text                                    0x080003d0   Section        0  stm32f10x_it.o(.text)
    .text                                    0x080004cc   Section        0  bikerent.o(.text)
    .text                                    0x080005b0   Section        0  bikereturn.o(.text)
    .text                                    0x08000654   Section        0  ic_op.o(.text)
    .text                                    0x080007f4   Section        0  canprocess.o(.text)
    .text                                    0x08000828   Section        0  bsp.o(.text)
    .text                                    0x08000a08   Section        0  usart.o(.text)
    .text                                    0x08000c24   Section        0  can.o(.text)
    .text                                    0x08000da8   Section        0  rtc.o(.text)
    .text                                    0x08000db0   Section        0  stm32f10x_exti.o(.text)
    .text                                    0x08000eb0   Section        0  stm32f10x_gpio.o(.text)
    .text                                    0x080010e8   Section        0  stm32f10x_nvic.o(.text)
    .text                                    0x080013ec   Section        0  stm32f10x_rcc.o(.text)
    .text                                    0x080016b0   Section        0  stm32f10x_systick.o(.text)
    .text                                    0x08001734   Section        0  stm32f10x_rtc.o(.text)
    .text                                    0x08001844   Section        0  stm32f10x_flash.o(.text)
    .text                                    0x08001c2c   Section        0  stm32f10x_can.o(.text)
    CheckITStatus                            0x080021d5   Thumb Code    12  stm32f10x_can.o(.text)
    .text                                    0x080021ec   Section        0  stm32f10x_iwdg.o(.text)
    .text                                    0x08002228   Section        0  stm32f10x_usart.o(.text)
    .text                                    0x08002500   Section        0  os_cpu_c.o(.text)
    .text                                    0x0800259c   Section      168  os_cpu_a.o(.text)
    .text                                    0x08002644   Section       22  cpu_a.o(.text)
    .text                                    0x0800265c   Section        0  os_core.o(.text)
    OS_SchedNew                              0x08002d65   Thumb Code    24  os_core.o(.text)
    .text                                    0x08002d88   Section        0  os_flag.o(.text)
    OS_FlagTaskRdy                           0x08002e93   Thumb Code    80  os_flag.o(.text)
    OS_FlagBlock                             0x0800306b   Thumb Code    88  os_flag.o(.text)
    .text                                    0x0800339c   Section        0  os_mem.o(.text)
    .text                                    0x080035a4   Section        0  os_mutex.o(.text)
    OSMutex_RdyAtPrio                        0x0800369d   Thumb Code    88  os_mutex.o(.text)
    .text                                    0x08003ad8   Section        0  os_q.o(.text)
    .text                                    0x08004030   Section        0  os_sem.o(.text)
    .text                                    0x08004374   Section        0  os_task.o(.text)
    .text                                    0x08004a64   Section        0  os_time.o(.text)
    .text                                    0x08004bf8   Section        0  os_tmr.o(.text)
    OSTmr_Free                               0x08004cb5   Thumb Code    56  os_tmr.o(.text)
    OSTmr_Unlink                             0x08004ced   Thumb Code    58  os_tmr.o(.text)
    OSTmr_Link                               0x08004ecf   Thumb Code    64  os_tmr.o(.text)
    OSTmr_Task                               0x0800502d   Thumb Code   106  os_tmr.o(.text)
    OSTmr_Unlock                             0x08005151   Thumb Code     8  os_tmr.o(.text)
    OSTmr_Lock                               0x08005159   Thumb Code    16  os_tmr.o(.text)
    .text                                    0x080051b8   Section        0  heapauxi.o(.text)
    .text                                    0x080051be   Section       74  sys_stackheap_outer.o(.text)
    .text                                    0x08005208   Section        0  exit.o(.text)
    .text                                    0x08005214   Section        8  libspace.o(.text)
    .text                                    0x0800521c   Section       12  rt_fp_status_addr_intlibspace.o(.text)
    .text                                    0x08005228   Section        0  sys_exit.o(.text)
    .text                                    0x08005234   Section        2  use_no_semi.o(.text)
    x$fpl$fpinit                             0x08005236   Section       14  fpinit.o(x$fpl$fpinit)
    .constdata                               0x08005244   Section       20  stm32f10x_rcc.o(.constdata)
    ADCPrescTable                            0x08005244   Data           4  stm32f10x_rcc.o(.constdata)
    APBAHBPrescTable                         0x08005248   Data          16  stm32f10x_rcc.o(.constdata)
    .constdata                               0x08005258   Section      256  os_core.o(.constdata)
    .data                                    0x20000000   Section       28  app.o(.data)
    .data                                    0x2000001c   Section       12  ic_op.o(.data)
    .data                                    0x20000028   Section        4  ic_op.o(.data)
    .data                                    0x2000002c   Section        1  bsp.o(.data)
    HSEStartUpStatus                         0x2000002c   Data           1  bsp.o(.data)
    .data                                    0x2000002d   Section        2  usart.o(.data)
    c_pre                                    0x2000002d   Data           1  usart.o(.data)
    c_pre                                    0x2000002e   Data           1  usart.o(.data)
    .data                                    0x20000030   Section        4  can.o(.data)
    .data                                    0x20000034   Section        8  stm32f10x_rcc.o(.data)
    HSEStatus                                0x20000034   Data           1  stm32f10x_rcc.o(.data)
    StartUpCounter                           0x20000038   Data           4  stm32f10x_rcc.o(.data)
    .data                                    0x2000003c   Section        2  os_cpu_c.o(.data)
    OSTmrCtr                                 0x2000003c   Data           2  os_cpu_c.o(.data)
    .data                                    0x20000040   Section       60  os_core.o(.data)
    .data                                    0x2000007c   Section        4  os_core.o(.data)
    .data                                    0x20000080   Section        4  os_core.o(.data)
    .data                                    0x20000084   Section        4  os_core.o(.data)
    .data                                    0x20000088   Section        2  os_core.o(.data)
    .data                                    0x2000008a   Section        2  os_core.o(.data)
    .data                                    0x2000008c   Section        4  os_core.o(.data)
    .data                                    0x20000090   Section        4  os_core.o(.data)
    .data                                    0x20000094   Section        4  os_core.o(.data)
    .data                                    0x20000098   Section        4  os_core.o(.data)
    .bss                                     0x2000009c   Section     7168  app.o(.bss)
    AppTaskStartStk                          0x2000009c   Data        1024  app.o(.bss)
    Task_Transaction                         0x2000049c   Data        2048  app.o(.bss)
    Task_Can_Rx_Stk                          0x20000c9c   Data        2048  app.o(.bss)
    Task_Can_Cfg_Stk                         0x2000149c   Data        2048  app.o(.bss)
    .bss                                     0x20001c9c   Section       64  ic_op.o(.bss)
    .bss                                     0x20001cdc   Section      144  usart.o(.bss)
    .bss                                     0x20001d6c   Section       76  can.o(.bss)
    .bss                                     0x20001db8   Section     3224  os_core.o(.bss)
    .bss                                     0x20002a50   Section      140  os_core.o(.bss)
    .bss                                     0x20002adc   Section      180  os_core.o(.bss)
    .bss                                     0x20002b90   Section       96  os_core.o(.bss)
    .bss                                     0x20002bf0   Section      832  os_core.o(.bss)
    .bss                                     0x20002f30   Section      512  os_core.o(.bss)
    .bss                                     0x20003130   Section       64  os_core.o(.bss)
    .bss                                     0x20003170   Section       96  libspace.o(.bss)
    HEAP                                     0x200031d0   Section      512  stm32f10x_startup.o(HEAP)
    Heap                                     0x200031d0   Data           0  stm32f10x_startup.o(HEAP)
    STACK                                    0x200033d0   Section      512  stm32f10x_startup.o(STACK)
    Stack                                    0x200033d0   Data           0  stm32f10x_startup.o(STACK)

    Global Symbols

    Symbol Name                              Value     Ov Type        Size  Object(Section)

    BuildAttributes$$THM_ISAv4$P$D$K$B$S$PE$A:L22UL41UL21$X:L11$S22US41US21$IEEE1$IW$USESV6$~STKCKD$USESV7$~SHL$OSPACE$ROPI$EBA8$UX$STANDARDLIB$REQ8$PRES8$EABIv2 0x00000000   Number         0  anon$$obj.o ABSOLUTE
    __ARM_use_no_argv                        0x00000000   Number         0  app.o ABSOLUTE
    __ARM_exceptions_init                     - Undefined Weak Reference
    __alloca_initialize                       - Undefined Weak Reference
    __cpp_initialize__aeabi_                  - Undefined Weak Reference
    __cxa_finalize                            - Undefined Weak Reference
    __rt_locale                               - Undefined Weak Reference
    __sigvec_lookup                           - Undefined Weak Reference
    _atexit_init                              - Undefined Weak Reference
    _call_atexit_fns                          - Undefined Weak Reference
    _clock_init                               - Undefined Weak Reference
    _fp_trap_init                             - Undefined Weak Reference
    _fp_trap_shutdown                         - Undefined Weak Reference
    _get_lc_collate                           - Undefined Weak Reference
    _get_lc_ctype                             - Undefined Weak Reference
    _get_lc_monetary                          - Undefined Weak Reference
    _get_lc_numeric                           - Undefined Weak Reference
    _get_lc_time                              - Undefined Weak Reference
    _getenv_init                              - Undefined Weak Reference
    _handle_redirection                       - Undefined Weak Reference
    _init_alloc                               - Undefined Weak Reference
    _init_user_alloc                          - Undefined Weak Reference
    _initio                                   - Undefined Weak Reference
    _rand_init                                - Undefined Weak Reference
    _signal_finish                            - Undefined Weak Reference
    _signal_init                              - Undefined Weak Reference
    _terminate_alloc                          - Undefined Weak Reference
    _terminate_user_alloc                     - Undefined Weak Reference
    _terminateio                              - Undefined Weak Reference
    __Vectors                                0x08000000   Data           0  stm32f10x_startup.o(RESET)
    Reset_Handler                            0x08000101   Thumb Code     0  stm32f10x_startup.o(RESET)
    __main                                   0x08000119   Thumb Code     8  __main.o(!!!main)
    __scatterload                            0x08000121   Thumb Code     0  __scatter.o(!!!scatter)
    __scatterload_rt2                        0x08000121   Thumb Code    44  __scatter.o(!!!scatter)
    __scatterload_rt2_thumb_only             0x08000121   Thumb Code     0  __scatter.o(!!!scatter)
    __scatterload_null                       0x0800012f   Thumb Code     0  __scatter.o(!!!scatter)
    __scatterload_copy                       0x08000155   Thumb Code    26  __scatter_copy.o(!!handler_copy)
    __scatterload_zeroinit                   0x08000171   Thumb Code    28  __scatter_zi.o(!!handler_zi)
    __rt_lib_init                            0x0800018d   Thumb Code     0  libinit.o(.ARM.Collect$$libinit$$00000000)
    __rt_lib_init_alloca_1                   0x08000193   Thumb Code     0  libinit2.o(.ARM.Collect$$libinit$$0000002A)
    __rt_lib_init_argv_1                     0x08000193   Thumb Code     0  libinit2.o(.ARM.Collect$$libinit$$00000028)
    __rt_lib_init_atexit_1                   0x08000193   Thumb Code     0  libinit2.o(.ARM.Collect$$libinit$$00000017)
    __rt_lib_init_clock_1                    0x08000193   Thumb Code     0  libinit2.o(.ARM.Collect$$libinit$$0000001D)
    __rt_lib_init_cpp_1                      0x08000193   Thumb Code     0  libinit2.o(.ARM.Collect$$libinit$$0000002E)
    __rt_lib_init_exceptions_1               0x08000193   Thumb Code     0  libinit2.o(.ARM.Collect$$libinit$$0000002C)
    __rt_lib_init_fp_trap_1                  0x08000193   Thumb Code     0  libinit2.o(.ARM.Collect$$libinit$$0000001B)
    __rt_lib_init_getenv_1                   0x08000193   Thumb Code     0  libinit2.o(.ARM.Collect$$libinit$$0000001F)
    __rt_lib_init_heap_1                     0x08000193   Thumb Code     0  libinit2.o(.ARM.Collect$$libinit$$00000006)
    __rt_lib_init_lc_collate_1               0x08000193   Thumb Code     0  libinit2.o(.ARM.Collect$$libinit$$0000000D)
    __rt_lib_init_lc_ctype_1                 0x08000193   Thumb Code     0  libinit2.o(.ARM.Collect$$libinit$$0000000F)
    __rt_lib_init_lc_monetary_1              0x08000193   Thumb Code     0  libinit2.o(.ARM.Collect$$libinit$$00000011)
    __rt_lib_init_lc_numeric_1               0x08000193   Thumb Code     0  libinit2.o(.ARM.Collect$$libinit$$00000013)
    __rt_lib_init_lc_time_1                  0x08000193   Thumb Code     0  libinit2.o(.ARM.Collect$$libinit$$00000015)
    __rt_lib_init_rand_1                     0x08000193   Thumb Code     0  libinit2.o(.ARM.Collect$$libinit$$0000000A)
    __rt_lib_init_return                     0x08000193   Thumb Code     0  libinit2.o(.ARM.Collect$$libinit$$0000002F)
    __rt_lib_init_signal_1                   0x08000193   Thumb Code     0  libinit2.o(.ARM.Collect$$libinit$$00000019)
    __rt_lib_init_stdio_1                    0x08000193   Thumb Code     0  libinit2.o(.ARM.Collect$$libinit$$00000021)
    __rt_lib_init_user_alloc_1               0x08000193   Thumb Code     0  libinit2.o(.ARM.Collect$$libinit$$00000008)
    __rt_lib_shutdown                        0x08000195   Thumb Code     0  libshutdown.o(.ARM.Collect$$libshutdown$$00000000)
    __rt_lib_shutdown_fp_trap_1              0x08000197   Thumb Code     0  libshutdown2.o(.ARM.Collect$$libshutdown$$00000006)
    __rt_lib_shutdown_heap_1                 0x08000197   Thumb Code     0  libshutdown2.o(.ARM.Collect$$libshutdown$$0000000E)
    __rt_lib_shutdown_return                 0x08000197   Thumb Code     0  libshutdown2.o(.ARM.Collect$$libshutdown$$0000000F)
    __rt_lib_shutdown_signal_1               0x08000197   Thumb Code     0  libshutdown2.o(.ARM.Collect$$libshutdown$$00000009)
    __rt_lib_shutdown_stdio_1                0x08000197   Thumb Code     0  libshutdown2.o(.ARM.Collect$$libshutdown$$00000003)
    __rt_lib_shutdown_user_alloc_1           0x08000197   Thumb Code     0  libshutdown2.o(.ARM.Collect$$libshutdown$$0000000B)
    __rt_entry                               0x08000199   Thumb Code     0  rtentry.o(.ARM.Collect$$rtentry$$00000000)
    __rt_entry_presh_1                       0x08000199   Thumb Code     0  rtentry2.o(.ARM.Collect$$rtentry$$00000002)
    __rt_entry_sh                            0x08000199   Thumb Code     0  rtentry4.o(.ARM.Collect$$rtentry$$00000004)
    __rt_entry_li                            0x0800019f   Thumb Code     0  rtentry2.o(.ARM.Collect$$rtentry$$0000000A)
    __rt_entry_postsh_1                      0x0800019f   Thumb Code     0  rtentry2.o(.ARM.Collect$$rtentry$$00000009)
    __rt_entry_main                          0x080001a3   Thumb Code     0  rtentry2.o(.ARM.Collect$$rtentry$$0000000D)
    __rt_entry_postli_1                      0x080001a3   Thumb Code     0  rtentry2.o(.ARM.Collect$$rtentry$$0000000C)
    __rt_exit                                0x080001ab   Thumb Code     0  rtexit.o(.ARM.Collect$$rtexit$$00000000)
    __rt_exit_ls                             0x080001ad   Thumb Code     0  rtexit2.o(.ARM.Collect$$rtexit$$00000003)
    __rt_exit_prels_1                        0x080001ad   Thumb Code     0  rtexit2.o(.ARM.Collect$$rtexit$$00000002)
    __rt_exit_exit                           0x080001b1   Thumb Code     0  rtexit2.o(.ARM.Collect$$rtexit$$00000004)
    __WFI                                    0x080001b9   Thumb Code     0  cortexm3_macro.o(.text)
    __WFE                                    0x080001bd   Thumb Code     0  cortexm3_macro.o(.text)
    __SEV                                    0x080001c1   Thumb Code     0  cortexm3_macro.o(.text)
    __ISB                                    0x080001c5   Thumb Code     0  cortexm3_macro.o(.text)
    __DSB                                    0x080001cb   Thumb Code     0  cortexm3_macro.o(.text)
    __DMB                                    0x080001d1   Thumb Code     0  cortexm3_macro.o(.text)
    __SVC                                    0x080001d7   Thumb Code     0  cortexm3_macro.o(.text)
    __MRS_CONTROL                            0x080001db   Thumb Code     0  cortexm3_macro.o(.text)
    __MSR_CONTROL                            0x080001e1   Thumb Code     0  cortexm3_macro.o(.text)
    __MRS_PSP                                0x080001eb   Thumb Code     0  cortexm3_macro.o(.text)
    __MSR_PSP                                0x080001f1   Thumb Code     0  cortexm3_macro.o(.text)
    __MRS_MSP                                0x080001f7   Thumb Code     0  cortexm3_macro.o(.text)
    __MSR_MSP                                0x080001fd   Thumb Code     0  cortexm3_macro.o(.text)
    __RESETPRIMASK                           0x08000203   Thumb Code     0  cortexm3_macro.o(.text)
    __SETPRIMASK                             0x08000207   Thumb Code     0  cortexm3_macro.o(.text)
    __READ_PRIMASK                           0x0800020b   Thumb Code     0  cortexm3_macro.o(.text)
    __SETFAULTMASK                           0x08000211   Thumb Code     0  cortexm3_macro.o(.text)
    __RESETFAULTMASK                         0x08000215   Thumb Code     0  cortexm3_macro.o(.text)
    __READ_FAULTMASK                         0x08000219   Thumb Code     0  cortexm3_macro.o(.text)
    __BASEPRICONFIG                          0x0800021f   Thumb Code     0  cortexm3_macro.o(.text)
    __GetBASEPRI                             0x08000225   Thumb Code     0  cortexm3_macro.o(.text)
    __REV_HalfWord                           0x0800022b   Thumb Code     0  cortexm3_macro.o(.text)
    __REV_Word                               0x0800022f   Thumb Code     0  cortexm3_macro.o(.text)
    __user_initial_stackheap                 0x08000235   Thumb Code     0  stm32f10x_startup.o(.text)
    Create_Sys_Task                          0x08000251   Thumb Code   150  app.o(.text)
    main                                     0x08000367   Thumb Code    60  app.o(.text)
    NMIException                             0x080003d1   Thumb Code     2  stm32f10x_it.o(.text)
    HardFaultException                       0x080003d3   Thumb Code     2  stm32f10x_it.o(.text)
    MemManageException                       0x080003d5   Thumb Code     2  stm32f10x_it.o(.text)
    BusFaultException                        0x080003d7   Thumb Code     2  stm32f10x_it.o(.text)
    UsageFaultException                      0x080003d9   Thumb Code     2  stm32f10x_it.o(.text)
    DebugMonitor                             0x080003db   Thumb Code     2  stm32f10x_it.o(.text)
    SVCHandler                               0x080003dd   Thumb Code     2  stm32f10x_it.o(.text)
    PendSVC                                  0x080003df   Thumb Code     2  stm32f10x_it.o(.text)
    SysTickHandler                           0x080003e1   Thumb Code    30  stm32f10x_it.o(.text)
    WWDG_IRQHandler                          0x080003ff   Thumb Code     2  stm32f10x_it.o(.text)
    PVD_IRQHandler                           0x08000401   Thumb Code     2  stm32f10x_it.o(.text)
    TAMPER_IRQHandler                        0x08000403   Thumb Code     2  stm32f10x_it.o(.text)
    RTC_IRQHandler                           0x08000405   Thumb Code    88  stm32f10x_it.o(.text)
    FLASH_IRQHandler                         0x0800045d   Thumb Code     2  stm32f10x_it.o(.text)
    RCC_IRQHandler                           0x0800045f   Thumb Code     2  stm32f10x_it.o(.text)
    EXTI0_IRQHandler                         0x08000461   Thumb Code     2  stm32f10x_it.o(.text)
    EXTI1_IRQHandler                         0x08000463   Thumb Code     2  stm32f10x_it.o(.text)
    EXTI3_IRQHandler                         0x08000465   Thumb Code     2  stm32f10x_it.o(.text)
    EXTI4_IRQHandler                         0x08000467   Thumb Code     2  stm32f10x_it.o(.text)
    DMAChannel1_IRQHandler                   0x08000469   Thumb Code     2  stm32f10x_it.o(.text)
    DMAChannel2_IRQHandler                   0x0800046b   Thumb Code     2  stm32f10x_it.o(.text)
    DMAChannel3_IRQHandler                   0x0800046d   Thumb Code     2  stm32f10x_it.o(.text)
    DMAChannel4_IRQHandler                   0x0800046f   Thumb Code     2  stm32f10x_it.o(.text)
    DMAChannel5_IRQHandler                   0x08000471   Thumb Code     2  stm32f10x_it.o(.text)
    DMAChannel6_IRQHandler                   0x08000473   Thumb Code     2  stm32f10x_it.o(.text)
    DMAChannel7_IRQHandler                   0x08000475   Thumb Code     2  stm32f10x_it.o(.text)
    ADC_IRQHandler                           0x08000477   Thumb Code     2  stm32f10x_it.o(.text)
    USB_HP_CAN_TX_IRQHandler                 0x08000479   Thumb Code     2  stm32f10x_it.o(.text)
    CAN_RX1_IRQHandler                       0x0800047b   Thumb Code     2  stm32f10x_it.o(.text)
    CAN_SCE_IRQHandler                       0x0800047d   Thumb Code     2  stm32f10x_it.o(.text)
    TIM1_BRK_IRQHandler                      0x0800047f   Thumb Code     2  stm32f10x_it.o(.text)
    TIM1_UP_IRQHandler                       0x08000481   Thumb Code     2  stm32f10x_it.o(.text)
    TIM1_TRG_COM_IRQHandler                  0x08000483   Thumb Code     2  stm32f10x_it.o(.text)
    TIM1_CC_IRQHandler                       0x08000485   Thumb Code     2  stm32f10x_it.o(.text)
    TIM2_IRQHandler                          0x08000487   Thumb Code     2  stm32f10x_it.o(.text)
    TIM3_IRQHandler                          0x08000489   Thumb Code     2  stm32f10x_it.o(.text)
    TIM4_IRQHandler                          0x0800048b   Thumb Code     2  stm32f10x_it.o(.text)
    I2C1_EV_IRQHandler                       0x0800048d   Thumb Code     2  stm32f10x_it.o(.text)
    I2C1_ER_IRQHandler                       0x0800048f   Thumb Code     2  stm32f10x_it.o(.text)
    I2C2_EV_IRQHandler                       0x08000491   Thumb Code     2  stm32f10x_it.o(.text)
    I2C2_ER_IRQHandler                       0x08000493   Thumb Code     2  stm32f10x_it.o(.text)
    SPI1_IRQHandler                          0x08000495   Thumb Code     2  stm32f10x_it.o(.text)
    SPI2_IRQHandler                          0x08000497   Thumb Code     2  stm32f10x_it.o(.text)
    USART1_IRQHandler                        0x08000499   Thumb Code     2  stm32f10x_it.o(.text)
    USART3_IRQHandler                        0x0800049b   Thumb Code     2  stm32f10x_it.o(.text)
    EXTI15_10_IRQHandler                     0x0800049d   Thumb Code     2  stm32f10x_it.o(.text)
    RTCAlarm_IRQHandler                      0x0800049f   Thumb Code     2  stm32f10x_it.o(.text)
    USBWakeUp_IRQHandler                     0x080004a1   Thumb Code     2  stm32f10x_it.o(.text)
    TIM8_BRK_IRQHandler                      0x080004a3   Thumb Code     2  stm32f10x_it.o(.text)
    TIM8_UP_IRQHandler                       0x080004a5   Thumb Code     2  stm32f10x_it.o(.text)
    TIM8_TRG_COM_IRQHandler                  0x080004a7   Thumb Code     2  stm32f10x_it.o(.text)
    TIM8_CC_IRQHandler                       0x080004a9   Thumb Code     2  stm32f10x_it.o(.text)
    ADC3_IRQHandler                          0x080004ab   Thumb Code     2  stm32f10x_it.o(.text)
    FSMC_IRQHandler                          0x080004ad   Thumb Code     2  stm32f10x_it.o(.text)
    SDIO_IRQHandler                          0x080004af   Thumb Code     2  stm32f10x_it.o(.text)
    TIM5_IRQHandler                          0x080004b1   Thumb Code     2  stm32f10x_it.o(.text)
    SPI3_IRQHandler                          0x080004b3   Thumb Code     2  stm32f10x_it.o(.text)
    UART5_IRQHandler                         0x080004b5   Thumb Code     2  stm32f10x_it.o(.text)
    TIM6_IRQHandler                          0x080004b7   Thumb Code     2  stm32f10x_it.o(.text)
    TIM7_IRQHandler                          0x080004b9   Thumb Code     2  stm32f10x_it.o(.text)
    DMA2_Channel1_IRQHandler                 0x080004bb   Thumb Code     2  stm32f10x_it.o(.text)
    DMA2_Channel2_IRQHandler                 0x080004bd   Thumb Code     2  stm32f10x_it.o(.text)
    DMA2_Channel3_IRQHandler                 0x080004bf   Thumb Code     2  stm32f10x_it.o(.text)
    DMA2_Channel4_5_IRQHandler               0x080004c1   Thumb Code     2  stm32f10x_it.o(.text)
    EXTI2_IRQHandler                         0x080004cd   Thumb Code    64  bikerent.o(.text)
    Task_Bike_Rent                           0x0800050d   Thumb Code   144  bikerent.o(.text)
    EXTI9_5_IRQHandler                       0x080005b1   Thumb Code    90  bikereturn.o(.text)
    Task_Bike_Return                         0x0800060b   Thumb Code    52  bikereturn.o(.text)
    Check_Sum                                0x08000655   Thumb Code    40  ic_op.o(.text)
    Block_Read                               0x0800067d   Thumb Code   122  ic_op.o(.text)
    Block_Write                              0x080006f7   Thumb Code   144  ic_op.o(.text)
    Read_Card_ID                             0x08000787   Thumb Code    92  ic_op.o(.text)
    Task_Transaction_Process                 0x080007f5   Thumb Code    26  canprocess.o(.text)
    Task_CAN_RX                              0x0800080f   Thumb Code    16  canprocess.o(.text)
    Task_CAN_CFG                             0x0800081f   Thumb Code     2  canprocess.o(.text)
    BSP_Init                                 0x08000829   Thumb Code   162  bsp.o(.text)
    BSP_IntDisAll                            0x080008cb   Thumb Code     4  bsp.o(.text)
    GPIO_Config                              0x080008cf   Thumb Code    52  bsp.o(.text)
    AFIO_Config                              0x08000903   Thumb Code    30  bsp.o(.text)
    EXTI_Config                              0x08000921   Thumb Code    32  bsp.o(.text)
    NVIC_Configuration                       0x08000941   Thumb Code   130  bsp.o(.text)
    IWDG_Configuration                       0x080009c3   Thumb Code    36  bsp.o(.text)
    RST_WDG                                  0x080009e7   Thumb Code     4  bsp.o(.text)
    COM_Init                                 0x08000a09   Thumb Code    30  usart.o(.text)
    USART4_Configuration                     0x08000a27   Thumb Code    64  usart.o(.text)
    USART4_SendByte                          0x08000a67   Thumb Code    26  usart.o(.text)
    USART4Write                              0x08000a81   Thumb Code    42  usart.o(.text)
    UART4_IRQHandler                         0x08000aab   Thumb Code   112  usart.o(.text)
    USART2_Configuration                     0x08000b1b   Thumb Code    64  usart.o(.text)
    USART2_SendByte                          0x08000b5b   Thumb Code    26  usart.o(.text)
    USART2Write                              0x08000b75   Thumb Code    42  usart.o(.text)
    USART2_IRQHandler                        0x08000b9f   Thumb Code   116  usart.o(.text)
    CAN_Config                               0x08000c25   Thumb Code   190  can.o(.text)
    CAN_SendMsg                              0x08000ce3   Thumb Code   112  can.o(.text)
    USB_LP_CAN_RX0_IRQHandler                0x08000d53   Thumb Code    74  can.o(.text)
    set_clock                                0x08000da9   Thumb Code     2  rtc.o(.text)
    get_clock                                0x08000dab   Thumb Code     2  rtc.o(.text)
    Set_Alarm1                               0x08000dad   Thumb Code     2  rtc.o(.text)
    Set_Alarm2                               0x08000daf   Thumb Code     2  rtc.o(.text)
    EXTI_DeInit                              0x08000db1   Thumb Code    18  stm32f10x_exti.o(.text)
    EXTI_Init                                0x08000dc3   Thumb Code   138  stm32f10x_exti.o(.text)
    EXTI_StructInit                          0x08000e4d   Thumb Code    14  stm32f10x_exti.o(.text)
    EXTI_GenerateSWInterrupt                 0x08000e5b   Thumb Code    12  stm32f10x_exti.o(.text)
    EXTI_GetFlagStatus                       0x08000e67   Thumb Code    16  stm32f10x_exti.o(.text)
    EXTI_ClearFlag                           0x08000e77   Thumb Code     6  stm32f10x_exti.o(.text)
    EXTI_GetITStatus                         0x08000e7d   Thumb Code    26  stm32f10x_exti.o(.text)
    EXTI_ClearITPendingBit                   0x08000e97   Thumb Code     6  stm32f10x_exti.o(.text)
    GPIO_DeInit                              0x08000eb1   Thumb Code   152  stm32f10x_gpio.o(.text)
    GPIO_AFIODeInit                          0x08000f49   Thumb Code    22  stm32f10x_gpio.o(.text)
    GPIO_Init                                0x08000f5f   Thumb Code   154  stm32f10x_gpio.o(.text)
    GPIO_StructInit                          0x08000ff9   Thumb Code    16  stm32f10x_gpio.o(.text)
    GPIO_ReadInputDataBit                    0x08001009   Thumb Code    14  stm32f10x_gpio.o(.text)
    GPIO_ReadInputData                       0x08001017   Thumb Code     6  stm32f10x_gpio.o(.text)
    GPIO_ReadOutputDataBit                   0x0800101d   Thumb Code    14  stm32f10x_gpio.o(.text)
    GPIO_ReadOutputData                      0x0800102b   Thumb Code     6  stm32f10x_gpio.o(.text)
    GPIO_SetBits                             0x08001031   Thumb Code     4  stm32f10x_gpio.o(.text)
    GPIO_ResetBits                           0x08001035   Thumb Code     4  stm32f10x_gpio.o(.text)
    GPIO_WriteBit                            0x08001039   Thumb Code    10  stm32f10x_gpio.o(.text)
    GPIO_Write                               0x08001043   Thumb Code     4  stm32f10x_gpio.o(.text)
    GPIO_PinLockConfig                       0x08001047   Thumb Code    16  stm32f10x_gpio.o(.text)
    GPIO_EventOutputConfig                   0x08001057   Thumb Code    22  stm32f10x_gpio.o(.text)
    GPIO_EventOutputCmd                      0x0800106d   Thumb Code     6  stm32f10x_gpio.o(.text)
    GPIO_PinRemapConfig                      0x08001073   Thumb Code    66  stm32f10x_gpio.o(.text)
    GPIO_EXTILineConfig                      0x080010b5   Thumb Code    34  stm32f10x_gpio.o(.text)
    NVIC_DeInit                              0x080010e9   Thumb Code    44  stm32f10x_nvic.o(.text)
    NVIC_SCBDeInit                           0x08001115   Thumb Code    58  stm32f10x_nvic.o(.text)
    NVIC_PriorityGroupConfig                 0x0800114f   Thumb Code    10  stm32f10x_nvic.o(.text)
    NVIC_Init                                0x08001159   Thumb Code   116  stm32f10x_nvic.o(.text)
    NVIC_StructInit                          0x080011cd   Thumb Code    12  stm32f10x_nvic.o(.text)
    NVIC_SETPRIMASK                          0x080011d9   Thumb Code     4  stm32f10x_nvic.o(.text)
    NVIC_RESETPRIMASK                        0x080011dd   Thumb Code     4  stm32f10x_nvic.o(.text)
    NVIC_SETFAULTMASK                        0x080011e1   Thumb Code     4  stm32f10x_nvic.o(.text)
    NVIC_RESETFAULTMASK                      0x080011e5   Thumb Code     4  stm32f10x_nvic.o(.text)
    NVIC_BASEPRICONFIG                       0x080011e9   Thumb Code     6  stm32f10x_nvic.o(.text)
    NVIC_GetBASEPRI                          0x080011ef   Thumb Code     4  stm32f10x_nvic.o(.text)
    NVIC_GetCurrentPendingIRQChannel         0x080011f3   Thumb Code    10  stm32f10x_nvic.o(.text)
    NVIC_GetIRQChannelPendingBitStatus       0x080011fd   Thumb Code    34  stm32f10x_nvic.o(.text)
    NVIC_SetIRQChannelPendingBit             0x0800121f   Thumb Code     6  stm32f10x_nvic.o(.text)
    NVIC_ClearIRQChannelPendingBit           0x08001225   Thumb Code    24  stm32f10x_nvic.o(.text)
    NVIC_GetCurrentActiveHandler             0x0800123d   Thumb Code    10  stm32f10x_nvic.o(.text)
    NVIC_GetIRQChannelActiveBitStatus        0x08001247   Thumb Code    34  stm32f10x_nvic.o(.text)
    NVIC_GetCPUID                            0x08001269   Thumb Code     6  stm32f10x_nvic.o(.text)
    NVIC_SetVectorTable                      0x0800126f   Thumb Code    12  stm32f10x_nvic.o(.text)
    NVIC_GenerateSystemReset                 0x0800127b   Thumb Code    10  stm32f10x_nvic.o(.text)
    NVIC_GenerateCoreReset                   0x08001285   Thumb Code    10  stm32f10x_nvic.o(.text)
    NVIC_SystemLPConfig                      0x0800128f   Thumb Code    24  stm32f10x_nvic.o(.text)
    NVIC_SystemHandlerConfig                 0x080012a7   Thumb Code    32  stm32f10x_nvic.o(.text)
    NVIC_SystemHandlerPriorityConfig         0x080012c7   Thumb Code    80  stm32f10x_nvic.o(.text)
    NVIC_GetSystemHandlerPendingBitStatus    0x08001317   Thumb Code    28  stm32f10x_nvic.o(.text)
    NVIC_SetSystemHandlerPendingBit          0x08001333   Thumb Code    24  stm32f10x_nvic.o(.text)
    NVIC_ClearSystemHandlerPendingBit        0x0800134b   Thumb Code    28  stm32f10x_nvic.o(.text)
    NVIC_GetSystemHandlerActiveBitStatus     0x08001367   Thumb Code    28  stm32f10x_nvic.o(.text)
    NVIC_GetFaultHandlerSources              0x08001383   Thumb Code    52  stm32f10x_nvic.o(.text)
    NVIC_GetFaultAddress                     0x080013b7   Thumb Code    22  stm32f10x_nvic.o(.text)
    RCC_DeInit                               0x080013ed   Thumb Code    48  stm32f10x_rcc.o(.text)
    RCC_HSEConfig                            0x0800141d   Thumb Code    48  stm32f10x_rcc.o(.text)
    RCC_GetFlagStatus                        0x0800144d   Thumb Code    42  stm32f10x_rcc.o(.text)
    RCC_WaitForHSEStartUp                    0x08001477   Thumb Code    46  stm32f10x_rcc.o(.text)
    RCC_AdjustHSICalibrationValue            0x080014a5   Thumb Code    16  stm32f10x_rcc.o(.text)
    RCC_HSICmd                               0x080014b5   Thumb Code     6  stm32f10x_rcc.o(.text)
    RCC_PLLConfig                            0x080014bb   Thumb Code    16  stm32f10x_rcc.o(.text)
    RCC_PLLCmd                               0x080014cb   Thumb Code     6  stm32f10x_rcc.o(.text)
    RCC_SYSCLKConfig                         0x080014d1   Thumb Code    14  stm32f10x_rcc.o(.text)
    RCC_GetSYSCLKSource                      0x080014df   Thumb Code    10  stm32f10x_rcc.o(.text)
    RCC_HCLKConfig                           0x080014e9   Thumb Code    14  stm32f10x_rcc.o(.text)
    RCC_PCLK1Config                          0x080014f7   Thumb Code    14  stm32f10x_rcc.o(.text)
    RCC_PCLK2Config                          0x08001505   Thumb Code    16  stm32f10x_rcc.o(.text)
    RCC_ITConfig                             0x08001515   Thumb Code    18  stm32f10x_rcc.o(.text)
    RCC_USBCLKConfig                         0x08001527   Thumb Code     6  stm32f10x_rcc.o(.text)
    RCC_ADCCLKConfig                         0x0800152d   Thumb Code    14  stm32f10x_rcc.o(.text)
    RCC_LSEConfig                            0x0800153b   Thumb Code    26  stm32f10x_rcc.o(.text)
    RCC_LSICmd                               0x08001555   Thumb Code     6  stm32f10x_rcc.o(.text)
    RCC_RTCCLKConfig                         0x0800155b   Thumb Code    10  stm32f10x_rcc.o(.text)
    RCC_RTCCLKCmd                            0x08001565   Thumb Code     6  stm32f10x_rcc.o(.text)
    RCC_GetClocksFreq                        0x0800156b   Thumb Code   132  stm32f10x_rcc.o(.text)
    RCC_AHBPeriphClockCmd                    0x080015ef   Thumb Code    18  stm32f10x_rcc.o(.text)
    RCC_APB2PeriphClockCmd                   0x08001601   Thumb Code    18  stm32f10x_rcc.o(.text)
    RCC_APB1PeriphClockCmd                   0x08001613   Thumb Code    18  stm32f10x_rcc.o(.text)
    RCC_APB2PeriphResetCmd                   0x08001625   Thumb Code    18  stm32f10x_rcc.o(.text)
    RCC_APB1PeriphResetCmd                   0x08001637   Thumb Code    18  stm32f10x_rcc.o(.text)
    RCC_BackupResetCmd                       0x08001649   Thumb Code     6  stm32f10x_rcc.o(.text)
    RCC_ClockSecuritySystemCmd               0x0800164f   Thumb Code     6  stm32f10x_rcc.o(.text)
    RCC_MCOConfig                            0x08001655   Thumb Code     6  stm32f10x_rcc.o(.text)
    RCC_ClearFlag                            0x0800165b   Thumb Code    12  stm32f10x_rcc.o(.text)
    RCC_GetITStatus                          0x08001667   Thumb Code    16  stm32f10x_rcc.o(.text)
    RCC_ClearITPendingBit                    0x08001677   Thumb Code     6  stm32f10x_rcc.o(.text)
    SysTick_CLKSourceConfig                  0x080016b1   Thumb Code    24  stm32f10x_systick.o(.text)
    SysTick_SetReload                        0x080016c9   Thumb Code     8  stm32f10x_systick.o(.text)
    SysTick_CounterCmd                       0x080016d1   Thumb Code    36  stm32f10x_systick.o(.text)
    SysTick_ITConfig                         0x080016f5   Thumb Code    24  stm32f10x_systick.o(.text)
    SysTick_GetCounter                       0x0800170d   Thumb Code     8  stm32f10x_systick.o(.text)
    SysTick_GetFlagStatus                    0x08001715   Thumb Code    32  stm32f10x_systick.o(.text)
    RTC_ITConfig                             0x08001735   Thumb Code    22  stm32f10x_rtc.o(.text)
    RTC_EnterConfigMode                      0x0800174b   Thumb Code    12  stm32f10x_rtc.o(.text)
    RTC_ExitConfigMode                       0x08001757   Thumb Code    12  stm32f10x_rtc.o(.text)
    RTC_GetCounter                           0x08001763   Thumb Code    12  stm32f10x_rtc.o(.text)
    RTC_SetCounter                           0x0800176f   Thumb Code    22  stm32f10x_rtc.o(.text)
    RTC_SetPrescaler                         0x08001785   Thumb Code    24  stm32f10x_rtc.o(.text)
    RTC_SetAlarm                             0x0800179d   Thumb Code    22  stm32f10x_rtc.o(.text)
    RTC_GetDivider                           0x080017b3   Thumb Code    16  stm32f10x_rtc.o(.text)
    RTC_WaitForLastTask                      0x080017c3   Thumb Code    12  stm32f10x_rtc.o(.text)
    RTC_WaitForSynchro                       0x080017cf   Thumb Code    24  stm32f10x_rtc.o(.text)
    RTC_GetFlagStatus                        0x080017e7   Thumb Code    16  stm32f10x_rtc.o(.text)
    RTC_ClearFlag                            0x080017f7   Thumb Code    12  stm32f10x_rtc.o(.text)
    RTC_GetITStatus                          0x08001803   Thumb Code    26  stm32f10x_rtc.o(.text)
    RTC_ClearITPendingBit                    0x0800181d   Thumb Code    12  stm32f10x_rtc.o(.text)
    FLASH_SetLatency                         0x08001845   Thumb Code    18  stm32f10x_flash.o(.text)
    FLASH_HalfCycleAccessCmd                 0x08001857   Thumb Code    18  stm32f10x_flash.o(.text)
    FLASH_PrefetchBufferCmd                  0x08001869   Thumb Code    18  stm32f10x_flash.o(.text)
    FLASH_Unlock                             0x0800187b   Thumb Code    12  stm32f10x_flash.o(.text)
    FLASH_Lock                               0x08001887   Thumb Code    12  stm32f10x_flash.o(.text)
    FLASH_GetStatus                          0x08001893   Thumb Code    34  stm32f10x_flash.o(.text)
    FLASH_WaitForLastOperation               0x080018b5   Thumb Code    40  stm32f10x_flash.o(.text)
    FLASH_ErasePage                          0x080018dd   Thumb Code    60  stm32f10x_flash.o(.text)
    FLASH_EraseAllPages                      0x08001919   Thumb Code    56  stm32f10x_flash.o(.text)
    FLASH_EraseOptionBytes                   0x08001951   Thumb Code   100  stm32f10x_flash.o(.text)
    FLASH_ProgramWord                        0x080019b5   Thumb Code    64  stm32f10x_flash.o(.text)
    FLASH_ProgramHalfWord                    0x080019f5   Thumb Code    50  stm32f10x_flash.o(.text)
    FLASH_ProgramOptionByteData              0x08001a27   Thumb Code    58  stm32f10x_flash.o(.text)
    FLASH_EnableWriteProtection              0x08001a61   Thumb Code   150  stm32f10x_flash.o(.text)
    FLASH_ReadOutProtection                  0x08001af7   Thumb Code   120  stm32f10x_flash.o(.text)
    FLASH_UserOptionByteConfig               0x08001b6f   Thumb Code    72  stm32f10x_flash.o(.text)
    FLASH_GetUserOptionByte                  0x08001bb7   Thumb Code     8  stm32f10x_flash.o(.text)
    FLASH_GetWriteProtectionOptionByte       0x08001bbf   Thumb Code     6  stm32f10x_flash.o(.text)
    FLASH_GetReadOutProtectionStatus         0x08001bc5   Thumb Code    14  stm32f10x_flash.o(.text)
    FLASH_GetPrefetchBufferStatus            0x08001bd3   Thumb Code    14  stm32f10x_flash.o(.text)
    FLASH_ITConfig                           0x08001be1   Thumb Code    18  stm32f10x_flash.o(.text)
    FLASH_GetFlagStatus                      0x08001bf3   Thumb Code    28  stm32f10x_flash.o(.text)
    FLASH_ClearFlag                          0x08001c0f   Thumb Code     6  stm32f10x_flash.o(.text)
    CAN_DeInit                               0x08001c2d   Thumb Code    24  stm32f10x_can.o(.text)
    CAN_Init                                 0x08001c45   Thumb Code   232  stm32f10x_can.o(.text)
    CAN_FilterInit                           0x08001d2d   Thumb Code   212  stm32f10x_can.o(.text)
    CAN_StructInit                           0x08001e01   Thumb Code    32  stm32f10x_can.o(.text)
    CAN_ITConfig                             0x08001e21   Thumb Code    22  stm32f10x_can.o(.text)
    CAN_Transmit                             0x08001e37   Thumb Code   166  stm32f10x_can.o(.text)
    CAN_TransmitStatus                       0x08001edd   Thumb Code   136  stm32f10x_can.o(.text)
    CAN_CancelTransmit                       0x08001f65   Thumb Code    46  stm32f10x_can.o(.text)
    CAN_FIFORelease                          0x08001f93   Thumb Code    18  stm32f10x_can.o(.text)
    CAN_MessagePending                       0x08001fa5   Thumb Code    30  stm32f10x_can.o(.text)
    CAN_Receive                              0x08001fc3   Thumb Code   128  stm32f10x_can.o(.text)
    CAN_Sleep                                0x08002043   Thumb Code    22  stm32f10x_can.o(.text)
    CAN_WakeUp                               0x08002059   Thumb Code    22  stm32f10x_can.o(.text)
    CAN_GetFlagStatus                        0x0800206f   Thumb Code    16  stm32f10x_can.o(.text)
    CAN_ClearFlag                            0x0800207f   Thumb Code    12  stm32f10x_can.o(.text)
    CAN_GetITStatus                          0x0800208b   Thumb Code   166  stm32f10x_can.o(.text)
    CAN_ClearITPendingBit                    0x08002131   Thumb Code   164  stm32f10x_can.o(.text)
    IWDG_WriteAccessCmd                      0x080021ed   Thumb Code     6  stm32f10x_iwdg.o(.text)
    IWDG_SetPrescaler                        0x080021f3   Thumb Code     6  stm32f10x_iwdg.o(.text)
    IWDG_SetReload                           0x080021f9   Thumb Code     6  stm32f10x_iwdg.o(.text)
    IWDG_ReloadCounter                       0x080021ff   Thumb Code    10  stm32f10x_iwdg.o(.text)
    IWDG_Enable                              0x08002209   Thumb Code    10  stm32f10x_iwdg.o(.text)
    IWDG_GetFlagStatus                       0x08002213   Thumb Code    16  stm32f10x_iwdg.o(.text)
    USART_DeInit                             0x08002229   Thumb Code    98  stm32f10x_usart.o(.text)
    USART_Init                               0x0800228b   Thumb Code   134  stm32f10x_usart.o(.text)
    USART_StructInit                         0x08002311   Thumb Code    22  stm32f10x_usart.o(.text)
    USART_ClockInit                          0x08002327   Thumb Code    30  stm32f10x_usart.o(.text)
    USART_ClockStructInit                    0x08002345   Thumb Code    12  stm32f10x_usart.o(.text)
    USART_Cmd                                0x08002351   Thumb Code    20  stm32f10x_usart.o(.text)
    USART_ITConfig                           0x08002365   Thumb Code    48  stm32f10x_usart.o(.text)
    USART_DMACmd                             0x08002395   Thumb Code    16  stm32f10x_usart.o(.text)
    USART_SetAddress                         0x080023a5   Thumb Code    16  stm32f10x_usart.o(.text)
    USART_WakeUpConfig                       0x080023b5   Thumb Code    16  stm32f10x_usart.o(.text)
    USART_ReceiverWakeUpCmd                  0x080023c5   Thumb Code    20  stm32f10x_usart.o(.text)
    USART_LINBreakDetectLengthConfig         0x080023d9   Thumb Code    16  stm32f10x_usart.o(.text)
    USART_LINCmd                             0x080023e9   Thumb Code    20  stm32f10x_usart.o(.text)
    USART_SendData                           0x080023fd   Thumb Code     8  stm32f10x_usart.o(.text)
    USART_ReceiveData                        0x08002405   Thumb Code     8  stm32f10x_usart.o(.text)
    USART_SendBreak                          0x0800240d   Thumb Code    10  stm32f10x_usart.o(.text)
    USART_SetGuardTime                       0x08002417   Thumb Code    16  stm32f10x_usart.o(.text)
    USART_SetPrescaler                       0x08002427   Thumb Code    16  stm32f10x_usart.o(.text)
    USART_SmartCardCmd                       0x08002437   Thumb Code    20  stm32f10x_usart.o(.text)
    USART_SmartCardNACKCmd                   0x0800244b   Thumb Code    20  stm32f10x_usart.o(.text)
    USART_HalfDuplexCmd                      0x0800245f   Thumb Code    20  stm32f10x_usart.o(.text)
    USART_IrDAConfig                         0x08002473   Thumb Code    16  stm32f10x_usart.o(.text)
    USART_IrDACmd                            0x08002483   Thumb Code    20  stm32f10x_usart.o(.text)
    USART_GetFlagStatus                      0x08002497   Thumb Code    14  stm32f10x_usart.o(.text)
    USART_ClearFlag                          0x080024a5   Thumb Code     6  stm32f10x_usart.o(.text)
    USART_GetITStatus                        0x080024ab   Thumb Code    62  stm32f10x_usart.o(.text)
    USART_ClearITPendingBit                  0x080024e9   Thumb Code    12  stm32f10x_usart.o(.text)
    OSInitHookBegin                          0x08002501   Thumb Code     8  os_cpu_c.o(.text)
    OSInitHookEnd                            0x08002509   Thumb Code     2  os_cpu_c.o(.text)
    OSTaskCreateHook                         0x0800250b   Thumb Code     2  os_cpu_c.o(.text)
    OSTaskDelHook                            0x0800250d   Thumb Code     2  os_cpu_c.o(.text)
    OSTaskIdleHook                           0x0800250f   Thumb Code     2  os_cpu_c.o(.text)
    OSTaskStatHook                           0x08002511   Thumb Code     2  os_cpu_c.o(.text)
    OSTaskStkInit                            0x08002513   Thumb Code   104  os_cpu_c.o(.text)
    OSTaskSwHook                             0x0800257b   Thumb Code     2  os_cpu_c.o(.text)
    OSTCBInitHook                            0x0800257d   Thumb Code     2  os_cpu_c.o(.text)
    OSTimeTickHook                           0x0800257f   Thumb Code    24  os_cpu_c.o(.text)
    OS_CPU_SR_Save                           0x0800259d   Thumb Code     0  os_cpu_a.o(.text)
    OS_CPU_SR_Restore                        0x080025a5   Thumb Code     0  os_cpu_a.o(.text)
    OSStartHighRdy                           0x080025ab   Thumb Code     0  os_cpu_a.o(.text)
    OSCtxSw                                  0x080025cb   Thumb Code     0  os_cpu_a.o(.text)
    OSIntCtxSw                               0x080025d5   Thumb Code     0  os_cpu_a.o(.text)
    OSPendSV                                 0x080025df   Thumb Code     0  os_cpu_a.o(.text)
    CPU_IntDis                               0x08002645   Thumb Code     0  cpu_a.o(.text)
    CPU_IntEn                                0x08002649   Thumb Code     0  cpu_a.o(.text)
    CPU_SR_Save                              0x0800264d   Thumb Code     0  cpu_a.o(.text)
    CPU_SR_Restore                           0x08002655   Thumb Code     0  cpu_a.o(.text)
    OS_StrCopy                               0x0800265d   Thumb Code    28  os_core.o(.text)
    OSEventNameGet                           0x08002679   Thumb Code    96  os_core.o(.text)
    OS_StrLen                                0x080026d9   Thumb Code    20  os_core.o(.text)
    OSEventNameSet                           0x080026ed   Thumb Code   106  os_core.o(.text)
    OS_TaskStatStkChk                        0x08002757   Thumb Code    50  os_core.o(.text)
    OS_TaskStat                              0x08002789   Thumb Code    92  os_core.o(.text)
    OS_TaskIdle                              0x080027e5   Thumb Code    22  os_core.o(.text)
    OS_MemClr                                0x080027fb   Thumb Code    18  os_core.o(.text)
    OSInit                                   0x0800280d   Thumb Code   294  os_core.o(.text)
    OSIntEnter                               0x08002933   Thumb Code    20  os_core.o(.text)
    OSIntExit                                0x08002947   Thumb Code    82  os_core.o(.text)
    OSSchedLock                              0x08002999   Thumb Code    38  os_core.o(.text)
    OS_Sched                                 0x080029bf   Thumb Code    64  os_core.o(.text)
    OSSchedUnlock                            0x080029ff   Thumb Code    52  os_core.o(.text)
    OSStart                                  0x08002a33   Thumb Code    38  os_core.o(.text)
    OSStatInit                               0x08002a59   Thumb Code   108  os_core.o(.text)
    OSTimeTick                               0x08002ac5   Thumb Code   168  os_core.o(.text)
    OSVersion                                0x08002b6d   Thumb Code     6  os_core.o(.text)
    OS_Dummy                                 0x08002b73   Thumb Code     2  os_core.o(.text)
    OS_EventTaskRdy                          0x08002b75   Thumb Code   108  os_core.o(.text)
    OS_EventTaskWait                         0x08002be1   Thumb Code    68  os_core.o(.text)
    OS_EventTOAbort                          0x08002c25   Thumb Code    50  os_core.o(.text)
    OS_EventWaitListInit                     0x08002c57   Thumb Code    22  os_core.o(.text)
    OS_MemCopy                               0x08002c6d   Thumb Code    20  os_core.o(.text)
    OS_TCBInit                               0x08002c81   Thumb Code   228  os_core.o(.text)
    OSFlagAccept                             0x08002d89   Thumb Code   162  os_flag.o(.text)
    OSFlagCreate                             0x08002e2b   Thumb Code    72  os_flag.o(.text)
    OS_FlagUnlink                            0x08002e73   Thumb Code    32  os_flag.o(.text)
    OSFlagDel                                0x08002ee3   Thumb Code   204  os_flag.o(.text)
    OSFlagNameGet                            0x08002faf   Thumb Code    88  os_flag.o(.text)
    OSFlagNameSet                            0x08003007   Thumb Code   100  os_flag.o(.text)
    OSFlagPend                               0x080030c3   Thumb Code   404  os_flag.o(.text)
    OSFlagPendGetFlagsRdy                    0x08003257   Thumb Code    20  os_flag.o(.text)
    OSFlagPost                               0x0800326b   Thumb Code   188  os_flag.o(.text)
    OSFlagQuery                              0x08003327   Thumb Code    46  os_flag.o(.text)
    OS_FlagInit                              0x08003355   Thumb Code    58  os_flag.o(.text)
    OSMemCreate                              0x0800339d   Thumb Code   122  os_mem.o(.text)
    OSMemGet                                 0x08003417   Thumb Code    58  os_mem.o(.text)
    OSMemNameGet                             0x08003451   Thumb Code    70  os_mem.o(.text)
    OSMemNameSet                             0x08003497   Thumb Code    84  os_mem.o(.text)
    OSMemPut                                 0x080034eb   Thumb Code    58  os_mem.o(.text)
    OSMemQuery                               0x08003525   Thumb Code    58  os_mem.o(.text)
    OS_MemInit                               0x0800355f   Thumb Code    58  os_mem.o(.text)
    OSMutexAccept                            0x080035a5   Thumb Code   118  os_mutex.o(.text)
    OSMutexCreate                            0x0800361b   Thumb Code   130  os_mutex.o(.text)
    OSMutexDel                               0x080036f5   Thumb Code   254  os_mutex.o(.text)
    OSMutexPend                              0x080037f3   Thumb Code   462  os_mutex.o(.text)
    OSMutexPost                              0x080039c1   Thumb Code   166  os_mutex.o(.text)
    OSMutexQuery                             0x08003a67   Thumb Code   102  os_mutex.o(.text)
    OSQAccept                                0x08003ad9   Thumb Code    86  os_q.o(.text)
    OSQCreate                                0x08003b2f   Thumb Code   116  os_q.o(.text)
    OSQDel                                   0x08003ba3   Thumb Code   238  os_q.o(.text)
    OSQFlush                                 0x08003c91   Thumb Code    48  os_q.o(.text)
    OSQPend                                  0x08003cc1   Thumb Code   204  os_q.o(.text)
    OSQPendAbort                             0x08003d8d   Thumb Code   116  os_q.o(.text)
    OSQPost                                  0x08003e01   Thumb Code   112  os_q.o(.text)
    OSQPostFront                             0x08003e71   Thumb Code   110  os_q.o(.text)
    OSQPostOpt                               0x08003edf   Thumb Code   190  os_q.o(.text)
    OSQQuery                                 0x08003f9d   Thumb Code    94  os_q.o(.text)
    OS_QInit                                 0x08003ffb   Thumb Code    44  os_q.o(.text)
    OSSemAccept                              0x08004031   Thumb Code    36  os_sem.o(.text)
    OSSemCreate                              0x08004055   Thumb Code    60  os_sem.o(.text)
    OSSemDel                                 0x08004091   Thumb Code   212  os_sem.o(.text)
    OSSemPend                                0x08004165   Thumb Code   168  os_sem.o(.text)
    OSSemPendAbort                           0x0800420d   Thumb Code   118  os_sem.o(.text)
    OSSemPost                                0x08004283   Thumb Code    88  os_sem.o(.text)
    OSSemQuery                               0x080042db   Thumb Code    78  os_sem.o(.text)
    OSSemSet                                 0x08004329   Thumb Code    60  os_sem.o(.text)
    OSTaskChangePrio                         0x08004375   Thumb Code   284  os_task.o(.text)
    OSTaskCreate                             0x08004491   Thumb Code   132  os_task.o(.text)
    OS_TaskStkClr                            0x08004515   Thumb Code    22  os_task.o(.text)
    OSTaskCreateExt                          0x0800452b   Thumb Code   154  os_task.o(.text)
    OSTaskDel                                0x080045c5   Thumb Code   292  os_task.o(.text)
    OSTaskDelReq                             0x080046e9   Thumb Code    88  os_task.o(.text)
    OSTaskNameGet                            0x08004741   Thumb Code   152  os_task.o(.text)
    OSTaskNameSet                            0x080047d9   Thumb Code   126  os_task.o(.text)
    OSTaskResume                             0x08004857   Thumb Code   132  os_task.o(.text)
    OSTaskStkChk                             0x080048db   Thumb Code   126  os_task.o(.text)
    OSTaskSuspend                            0x08004959   Thumb Code   148  os_task.o(.text)
    OSTaskQuery                              0x080049ed   Thumb Code    94  os_task.o(.text)
    OSTimeDly                                0x08004a65   Thumb Code    74  os_time.o(.text)
    OSTimeDlyHMSM                            0x08004aaf   Thumb Code   128  os_time.o(.text)
    OSTimeDlyResume                          0x08004b2f   Thumb Code   138  os_time.o(.text)
    OSTimeGet                                0x08004bb9   Thumb Code    18  os_time.o(.text)
    OSTimeSet                                0x08004bcb   Thumb Code    20  os_time.o(.text)
    OSTmrCreate                              0x08004bf9   Thumb Code   188  os_tmr.o(.text)
    OSTmrDel                                 0x08004d27   Thumb Code   102  os_tmr.o(.text)
    OSTmrNameGet                             0x08004d8d   Thumb Code   110  os_tmr.o(.text)
    OSTmrRemainGet                           0x08004dfb   Thumb Code   134  os_tmr.o(.text)
    OSTmrStateGet                            0x08004e81   Thumb Code    78  os_tmr.o(.text)
    OSTmrStart                               0x08004f0f   Thumb Code   104  os_tmr.o(.text)
    OSTmrStop                                0x08004f77   Thumb Code   174  os_tmr.o(.text)
    OSTmrSignal                              0x08005025   Thumb Code     8  os_tmr.o(.text)
    OSTmr_Init                               0x08005097   Thumb Code   186  os_tmr.o(.text)
    __use_two_region_memory                  0x080051b9   Thumb Code     2  heapauxi.o(.text)
    __rt_heap_escrow$2region                 0x080051bb   Thumb Code     2  heapauxi.o(.text)
    __rt_heap_expand$2region                 0x080051bd   Thumb Code     2  heapauxi.o(.text)
    __user_setup_stackheap                   0x080051bf   Thumb Code    74  sys_stackheap_outer.o(.text)
    exit                                     0x08005209   Thumb Code    12  exit.o(.text)
    __user_libspace                          0x08005215   Thumb Code     8  libspace.o(.text)
    __user_perproc_libspace                  0x08005215   Thumb Code     0  libspace.o(.text)
    __user_perthread_libspace                0x08005215   Thumb Code     0  libspace.o(.text)
    __rt_fp_status_addr                      0x0800521d   Thumb Code    12  rt_fp_status_addr_intlibspace.o(.text)
    _sys_exit                                0x08005229   Thumb Code     8  sys_exit.o(.text)
    __I$use$semihosting                      0x08005235   Thumb Code     0  use_no_semi.o(.text)
    __use_no_semihosting_swi                 0x08005235   Thumb Code     2  use_no_semi.o(.text)
    _fp_init                                 0x08005237   Thumb Code    14  fpinit.o(x$fpl$fpinit)
    __fplib_config_pureend_doubles           0x08005243   Thumb Code     0  fpinit.o(x$fpl$fpinit)
    OSUnMapTbl                               0x08005258   Data         256  os_core.o(.constdata)
    Region$$Table$$Base                      0x08005358   Number         0  anon$$obj.o(Region$$Table)
    Region$$Table$$Limit                     0x08005378   Number         0  anon$$obj.o(Region$$Table)
    SYS_STATE                                0x20000000   Data           1  app.o(.data)
    Volume_Ctrl_Flag                         0x20000001   Data           1  app.o(.data)
    Rent_Return_Limit                        0x20000002   Data           1  app.o(.data)
    State_Toggle                             0x20000003   Data           1  app.o(.data)
    Can_Addr                                 0x20000004   Data           4  app.o(.data)
    SYS_EVENT_FLAG                           0x20000008   Data           4  app.o(.data)
    CAN_QUEUE                                0x2000000c   Data           4  app.o(.data)
    can_msg                                  0x20000010   Data           4  app.o(.data)
    CFG_QUEUE                                0x20000014   Data           4  app.o(.data)
    cfg_msg                                  0x20000018   Data           4  app.o(.data)
    KEY_A                                    0x2000001c   Data           6  ic_op.o(.data)
    KEY_B                                    0x20000022   Data           6  ic_op.o(.data)
    CSN                                      0x20000028   Data           4  ic_op.o(.data)
    CAN_TX_Mutex                             0x20000030   Data           4  can.o(.data)
    OSCPUUsage                               0x20000040   Data           1  os_core.o(.data)
    OSStatRdy                                0x20000041   Data           1  os_core.o(.data)
    OSIntNesting                             0x20000042   Data           1  os_core.o(.data)
    OSLockNesting                            0x20000043   Data           1  os_core.o(.data)
    OSPrioCur                                0x20000044   Data           1  os_core.o(.data)
    OSPrioHighRdy                            0x20000045   Data           1  os_core.o(.data)
    OSRdyGrp                                 0x20000046   Data           1  os_core.o(.data)
    OSRunning                                0x20000047   Data           1  os_core.o(.data)
    OSTaskCtr                                0x20000048   Data           1  os_core.o(.data)
    OSTickStepState                          0x20000049   Data           1  os_core.o(.data)
    OSCtxSwCtr                               0x2000004c   Data           4  os_core.o(.data)
    OSEventFreeList                          0x20000050   Data           4  os_core.o(.data)
    OSIdleCtrMax                             0x20000054   Data           4  os_core.o(.data)
    OSIdleCtrRun                             0x20000058   Data           4  os_core.o(.data)
    OSIdleCtr                                0x2000005c   Data           4  os_core.o(.data)
    OSTCBCur                                 0x20000060   Data           4  os_core.o(.data)
    OSTCBFreeList                            0x20000064   Data           4  os_core.o(.data)
    OSTCBHighRdy                             0x20000068   Data           4  os_core.o(.data)
    OSTCBList                                0x2000006c   Data           4  os_core.o(.data)
    OSTime                                   0x20000070   Data           4  os_core.o(.data)
    OSRdyTbl                                 0x20000074   Data           8  os_core.o(.data)
    OSFlagFreeList                           0x2000007c   Data           4  os_core.o(.data)
    OSMemFreeList                            0x20000080   Data           4  os_core.o(.data)
    OSQFreeList                              0x20000084   Data           4  os_core.o(.data)
    OSTmrFree                                0x20000088   Data           2  os_core.o(.data)
    OSTmrUsed                                0x2000008a   Data           2  os_core.o(.data)
    OSTmrTime                                0x2000008c   Data           4  os_core.o(.data)
    OSTmrSem                                 0x20000090   Data           4  os_core.o(.data)
    OSTmrSemSignal                           0x20000094   Data           4  os_core.o(.data)
    OSTmrFreeList                            0x20000098   Data           4  os_core.o(.data)
    TX_Buf                                   0x20001c9c   Data          64  ic_op.o(.bss)
    IC_Buf                                   0x20001cdc   Data          72  usart.o(.bss)
    ID_Buf                                   0x20001d24   Data          72  usart.o(.bss)
    CAN_RX_BUF                               0x20001d6c   Data          76  can.o(.bss)
    OSEventTbl                               0x20001db8   Data         360  os_core.o(.bss)
    OSTaskStatStk                            0x20001f20   Data         512  os_core.o(.bss)
    OSTaskIdleStk                            0x20002120   Data         512  os_core.o(.bss)
    OSTCBPrioTbl                             0x20002320   Data         256  os_core.o(.bss)
    OSTCBTbl                                 0x20002420   Data        1584  os_core.o(.bss)
    OSFlagTbl                                0x20002a50   Data         140  os_core.o(.bss)
    OSMemTbl                                 0x20002adc   Data         180  os_core.o(.bss)
    OSQTbl                                   0x20002b90   Data          96  os_core.o(.bss)
    OSTmrTbl                                 0x20002bf0   Data         832  os_core.o(.bss)
    OSTmrTaskStk                             0x20002f30   Data         512  os_core.o(.bss)
    OSTmrWheelTbl                            0x20003130   Data          64  os_core.o(.bss)
    __libspace_start                         0x20003170   Data          96  libspace.o(.bss)
    __temporary_stack_top$libspace           0x200031d0   Data           0  libspace.o(.bss)



==============================================================================

Memory Map of the image

  Image Entry point : 0x08000119

  Load Region LR_IROM1 (Base: 0x08000000, Size: 0x00005414, Max: 0x00080000, ABSOLUTE)

    Execution Region ER_IROM1 (Base: 0x08000000, Size: 0x00005378, Max: 0x00080000, ABSOLUTE)

    Base Addr    Size         Type   Attr      Idx    E Section Name        Object

    0x08000000   0x00000118   Code   RO            8    RESET               stm32f10x_startup.o
    0x08000118   0x00000008   Code   RO          881  * !!!main             c_w.l(__main.o)(c_w.l)
    0x08000120   0x00000034   Code   RO         1043    !!!scatter          c_w.l(__scatter.o)(c_w.l)
    0x08000154   0x0000001a   Code   RO         1045    !!handler_copy      c_w.l(__scatter_copy.o)(c_w.l)
    0x0800016e   0x00000002   PAD
    0x08000170   0x0000001c   Code   RO         1047    !!handler_zi        c_w.l(__scatter_zi.o)(c_w.l)
    0x0800018c   0x00000006   Code   RO          913    .ARM.Collect$$libinit$$00000000  c_w.l(libinit.o)(c_w.l)
    0x08000192   0x00000000   Code   RO          921    .ARM.Collect$$libinit$$00000006  c_w.l(libinit2.o)(c_w.l)
    0x08000192   0x00000000   Code   RO          923    .ARM.Collect$$libinit$$00000008  c_w.l(libinit2.o)(c_w.l)
    0x08000192   0x00000000   Code   RO          925    .ARM.Collect$$libinit$$0000000A  c_w.l(libinit2.o)(c_w.l)
    0x08000192   0x00000000   Code   RO          928    .ARM.Collect$$libinit$$0000000D  c_w.l(libinit2.o)(c_w.l)
    0x08000192   0x00000000   Code   RO          930    .ARM.Collect$$libinit$$0000000F  c_w.l(libinit2.o)(c_w.l)
    0x08000192   0x00000000   Code   RO          932    .ARM.Collect$$libinit$$00000011  c_w.l(libinit2.o)(c_w.l)
    0x08000192   0x00000000   Code   RO          934    .ARM.Collect$$libinit$$00000013  c_w.l(libinit2.o)(c_w.l)
    0x08000192   0x00000000   Code   RO          936    .ARM.Collect$$libinit$$00000015  c_w.l(libinit2.o)(c_w.l)
    0x08000192   0x00000000   Code   RO          938    .ARM.Collect$$libinit$$00000017  c_w.l(libinit2.o)(c_w.l)
    0x08000192   0x00000000   Code   RO          940    .ARM.Collect$$libinit$$00000019  c_w.l(libinit2.o)(c_w.l)
    0x08000192   0x00000000   Code   RO          942    .ARM.Collect$$libinit$$0000001B  c_w.l(libinit2.o)(c_w.l)
    0x08000192   0x00000000   Code   RO          944    .ARM.Collect$$libinit$$0000001D  c_w.l(libinit2.o)(c_w.l)
    0x08000192   0x00000000   Code   RO          946    .ARM.Collect$$libinit$$0000001F  c_w.l(libinit2.o)(c_w.l)
    0x08000192   0x00000000   Code   RO          948    .ARM.Collect$$libinit$$00000021  c_w.l(libinit2.o)(c_w.l)
    0x08000192   0x00000000   Code   RO          952    .ARM.Collect$$libinit$$00000028  c_w.l(libinit2.o)(c_w.l)
    0x08000192   0x00000000   Code   RO          954    .ARM.Collect$$libinit$$0000002A  c_w.l(libinit2.o)(c_w.l)
    0x08000192   0x00000000   Code   RO          956    .ARM.Collect$$libinit$$0000002C  c_w.l(libinit2.o)(c_w.l)
    0x08000192   0x00000000   Code   RO          958    .ARM.Collect$$libinit$$0000002E  c_w.l(libinit2.o)(c_w.l)
    0x08000192   0x00000002   Code   RO          959    .ARM.Collect$$libinit$$0000002F  c_w.l(libinit2.o)(c_w.l)
    0x08000194   0x00000002   Code   RO          985    .ARM.Collect$$libshutdown$$00000000  c_w.l(libshutdown.o)(c_w.l)
    0x08000196   0x00000000   Code   RO          998    .ARM.Collect$$libshutdown$$00000003  c_w.l(libshutdown2.o)(c_w.l)
    0x08000196   0x00000000   Code   RO         1001    .ARM.Collect$$libshutdown$$00000006  c_w.l(libshutdown2.o)(c_w.l)
    0x08000196   0x00000000   Code   RO         1004    .ARM.Collect$$libshutdown$$00000009  c_w.l(libshutdown2.o)(c_w.l)
    0x08000196   0x00000000   Code   RO         1006    .ARM.Collect$$libshutdown$$0000000B  c_w.l(libshutdown2.o)(c_w.l)
    0x08000196   0x00000000   Code   RO         1009    .ARM.Collect$$libshutdown$$0000000E  c_w.l(libshutdown2.o)(c_w.l)
    0x08000196   0x00000002   Code   RO         1010    .ARM.Collect$$libshutdown$$0000000F  c_w.l(libshutdown2.o)(c_w.l)
    0x08000198   0x00000000   Code   RO          883    .ARM.Collect$$rtentry$$00000000  c_w.l(rtentry.o)(c_w.l)
    0x08000198   0x00000000   Code   RO          886    .ARM.Collect$$rtentry$$00000002  c_w.l(rtentry2.o)(c_w.l)
    0x08000198   0x00000006   Code   RO          901    .ARM.Collect$$rtentry$$00000004  c_w.l(rtentry4.o)(c_w.l)
    0x0800019e   0x00000000   Code   RO          888    .ARM.Collect$$rtentry$$00000009  c_w.l(rtentry2.o)(c_w.l)
    0x0800019e   0x00000004   Code   RO          889    .ARM.Collect$$rtentry$$0000000A  c_w.l(rtentry2.o)(c_w.l)
    0x080001a2   0x00000000   Code   RO          891    .ARM.Collect$$rtentry$$0000000C  c_w.l(rtentry2.o)(c_w.l)
    0x080001a2   0x00000008   Code   RO          892    .ARM.Collect$$rtentry$$0000000D  c_w.l(rtentry2.o)(c_w.l)
    0x080001aa   0x00000002   Code   RO          917    .ARM.Collect$$rtexit$$00000000  c_w.l(rtexit.o)(c_w.l)
    0x080001ac   0x00000000   Code   RO          963    .ARM.Collect$$rtexit$$00000002  c_w.l(rtexit2.o)(c_w.l)
    0x080001ac   0x00000004   Code   RO          964    .ARM.Collect$$rtexit$$00000003  c_w.l(rtexit2.o)(c_w.l)
    0x080001b0   0x00000006   Code   RO          965    .ARM.Collect$$rtexit$$00000004  c_w.l(rtexit2.o)(c_w.l)
    0x080001b6   0x00000002   PAD
    0x080001b8   0x0000007a   Code   RO            1    .text               cortexm3_macro.o
    0x08000232   0x00000002   PAD
    0x08000234   0x0000001c   Code   RO            9    .text               stm32f10x_startup.o
    0x08000250   0x00000180   Code   RO           14    .text               app.o
    0x080003d0   0x000000fc   Code   RO          195    .text               stm32f10x_it.o
    0x080004cc   0x000000e4   Code   RO          207    .text               bikerent.o
    0x080005b0   0x000000a4   Code   RO          223    .text               bikereturn.o
    0x08000654   0x000001a0   Code   RO          235    .text               ic_op.o
    0x080007f4   0x00000034   Code   RO          262    .text               canprocess.o
    0x08000828   0x000001e0   Code   RO          274    .text               bsp.o
    0x08000a08   0x0000021c   Code   RO          327    .text               usart.o
    0x08000c24   0x00000184   Code   RO          355    .text               can.o
    0x08000da8   0x00000008   Code   RO          386    .text               rtc.o
    0x08000db0   0x00000100   Code   RO          425    .text               stm32f10x_exti.o
    0x08000eb0   0x00000238   Code   RO          437    .text               stm32f10x_gpio.o
    0x080010e8   0x00000304   Code   RO          461    .text               stm32f10x_nvic.o
    0x080013ec   0x000002c4   Code   RO          485    .text               stm32f10x_rcc.o
    0x080016b0   0x00000084   Code   RO          512    .text               stm32f10x_systick.o
    0x08001734   0x00000110   Code   RO          537    .text               stm32f10x_rtc.o
    0x08001844   0x000003e8   Code   RO          550    .text               stm32f10x_flash.o
    0x08001c2c   0x000005c0   Code   RO          574    .text               stm32f10x_can.o
    0x080021ec   0x0000003c   Code   RO          647    .text               stm32f10x_iwdg.o
    0x08002228   0x000002d8   Code   RO          671    .text               stm32f10x_usart.o
    0x08002500   0x0000009c   Code   RO          695    .text               os_cpu_c.o
    0x0800259c   0x000000a8   Code   RO          725    .text               os_cpu_a.o
    0x08002644   0x00000016   Code   RO          728    .text               cpu_a.o
    0x0800265a   0x00000002   PAD
    0x0800265c   0x0000072c   Code   RO          731    .text               os_core.o
    0x08002d88   0x00000614   Code   RO          767    .text               os_flag.o
    0x0800339c   0x00000208   Code   RO          792    .text               os_mem.o
    0x080035a4   0x00000534   Code   RO          804    .text               os_mutex.o
    0x08003ad8   0x00000558   Code   RO          816    .text               os_q.o
    0x08004030   0x00000344   Code   RO          828    .text               os_sem.o
    0x08004374   0x000006f0   Code   RO          840    .text               os_task.o
    0x08004a64   0x00000194   Code   RO          853    .text               os_time.o
    0x08004bf8   0x000005c0   Code   RO          865    .text               os_tmr.o
    0x080051b8   0x00000006   Code   RO          879    .text               c_w.l(heapauxi.o)(c_w.l)
    0x080051be   0x0000004a   Code   RO          903    .text               c_w.l(sys_stackheap_outer.o)(c_w.l)
    0x08005208   0x0000000c   Code   RO          905    .text               c_w.l(exit.o)(c_w.l)
    0x08005214   0x00000008   Code   RO          914    .text               c_w.l(libspace.o)(c_w.l)
    0x0800521c   0x0000000c   Code   RO          973    .text               c_w.l(rt_fp_status_addr_intlibspace.o)(c_w.l)
    0x08005228   0x0000000c   Code   RO          977    .text               c_w.l(sys_exit.o)(c_w.l)
    0x08005234   0x00000002   Code   RO          988    .text               c_w.l(use_no_semi.o)(c_w.l)
    0x08005236   0x0000000e   Code   RO          960    x$fpl$fpinit        fz_ws.l(fpinit.o)(fz_ws.l)
    0x08005244   0x00000014   Data   RO          486    .constdata          stm32f10x_rcc.o
    0x08005258   0x00000100   Data   RO          739    .constdata          os_core.o
    0x08005358   0x00000020   Data   RO         1041    Region$$Table       anon$$obj.o


    Execution Region RW_IRAM1 (Base: 0x20000000, Size: 0x000035d0, Max: 0x00010000, ABSOLUTE)

    Base Addr    Size         Type   Attr      Idx    E Section Name        Object

    0x20000000   0x0000001c   Data   RW           16    .data               app.o
    0x2000001c   0x0000000c   Data   RW          237    .data               ic_op.o
    0x20000028   0x00000004   Data   RW          238    .data               ic_op.o
    0x2000002c   0x00000001   Data   RW          275    .data               bsp.o
    0x2000002d   0x00000002   Data   RW          329    .data               usart.o
    0x2000002f   0x00000001   PAD
    0x20000030   0x00000004   Data   RW          357    .data               can.o
    0x20000034   0x00000008   Data   RW          487    .data               stm32f10x_rcc.o
    0x2000003c   0x00000002   Data   RW          696    .data               os_cpu_c.o
    0x2000003e   0x00000002   PAD
    0x20000040   0x0000003c   Data   RW          740    .data               os_core.o
    0x2000007c   0x00000004   Data   RW          741    .data               os_core.o
    0x20000080   0x00000004   Data   RW          742    .data               os_core.o
    0x20000084   0x00000004   Data   RW          743    .data               os_core.o
    0x20000088   0x00000002   Data   RW          744    .data               os_core.o
    0x2000008a   0x00000002   Data   RW          745    .data               os_core.o
    0x2000008c   0x00000004   Data   RW          746    .data               os_core.o
    0x20000090   0x00000004   Data   RW          747    .data               os_core.o
    0x20000094   0x00000004   Data   RW          748    .data               os_core.o
    0x20000098   0x00000004   Data   RW          749    .data               os_core.o
    0x2000009c   0x00001c00   Zero   RW           15    .bss                app.o
    0x20001c9c   0x00000040   Zero   RW          236    .bss                ic_op.o
    0x20001cdc   0x00000090   Zero   RW          328    .bss                usart.o
    0x20001d6c   0x0000004c   Zero   RW          356    .bss                can.o
    0x20001db8   0x00000c98   Zero   RW          732    .bss                os_core.o
    0x20002a50   0x0000008c   Zero   RW          733    .bss                os_core.o
    0x20002adc   0x000000b4   Zero   RW          734    .bss                os_core.o
    0x20002b90   0x00000060   Zero   RW          735    .bss                os_core.o
    0x20002bf0   0x00000340   Zero   RW          736    .bss                os_core.o
    0x20002f30   0x00000200   Zero   RW          737    .bss                os_core.o
    0x20003130   0x00000040   Zero   RW          738    .bss                os_core.o
    0x20003170   0x00000060   Zero   RW          915    .bss                c_w.l(libspace.o)(c_w.l)
    0x200031d0   0x00000200   Zero   RW            7    HEAP                stm32f10x_startup.o
    0x200033d0   0x00000200   Zero   RW            6    STACK               stm32f10x_startup.o


==============================================================================

Image component sizes


      Code (inc. data)   RO Data    RW Data    ZI Data      Debug   Object Name

       384         46          0         28       7168          0   app.o
       228         20          0          0          0          0   bikerent.o
       164         22          0          0          0          0   bikereturn.o
       480         30          0          1          0          0   bsp.o
       388         12          0          4         76          0   can.o
        52          8          0          0          0          0   canprocess.o
       122          0          0          0          0          0   cortexm3_macro.o
        22          0          0          0          0          0   cpu_a.o
       416         18          0         16         64          0   ic_op.o
      1836         70        256         92       5048          0   os_core.o
       168         40          0          0          0          0   os_cpu_a.o
       156          6          0          2          0          0   os_cpu_c.o
      1556         38          0          0          0          0   os_flag.o
       520         12          0          0          0          0   os_mem.o
      1332         42          0          0          0          0   os_mutex.o
      1368         32          0          0          0          0   os_q.o
       836         16          0          0          0          0   os_sem.o
      1776         66          0          0          0          0   os_task.o
       404         26          0          0          0          0   os_time.o
      1472        104          0          0          0          0   os_tmr.o
         8          0          0          0          0          0   rtc.o
      1472         22          0          0          0          0   stm32f10x_can.o
       256         20          0          0          0          0   stm32f10x_exti.o
      1000         24          0          0          0          0   stm32f10x_flash.o
       568         18          0          0          0          0   stm32f10x_gpio.o
       252         10          0          0          0          0   stm32f10x_it.o
        60          6          0          0          0          0   stm32f10x_iwdg.o
         0          0          0          0          0          0   stm32f10x_lib.o
       772         32          0          0          0          0   stm32f10x_nvic.o
       708         52         20          8          0          0   stm32f10x_rcc.o
       272         28          0          0          0          0   stm32f10x_rtc.o
       308        280          0          0       1024          0   stm32f10x_startup.o
       132          0          0          0          0          0   stm32f10x_systick.o
       728         12          0          0          0          0   stm32f10x_usart.o
       540         18          0          2        144          0   usart.o

    ----------------------------------------------------------------------
     20760       1130        308        156      13524          0   Object Totals
         0          0         32          0          0          0   (incl. Generated)
         4          0          0          3          0          2   (incl. Padding)

    ----------------------------------------------------------------------

      Code (inc. data)   RO Data    RW Data    ZI Data      Debug   Library Member Name

         8          0          0          0          0          0   __main.o
        52          8          0          0          0          0   __scatter.o
        26          0          0          0          0          0   __scatter_copy.o
        28          0          0          0          0          0   __scatter_zi.o
        12          0          0          0          0          0   exit.o
         6          0          0          0          0          0   heapauxi.o
         6          0          0          0          0          0   libinit.o
         2          0          0          0          0          0   libinit2.o
         2          0          0          0          0          0   libshutdown.o
         2          0          0          0          0          0   libshutdown2.o
         8          4          0          0         96          0   libspace.o
        12          4          0          0          0          0   rt_fp_status_addr_intlibspace.o
         0          0          0          0          0          0   rtentry.o
        12          0          0          0          0          0   rtentry2.o
         6          0          0          0          0          0   rtentry4.o
         2          0          0          0          0          0   rtexit.o
        10          0          0          0          0          0   rtexit2.o
        12          4          0          0          0          0   sys_exit.o
        74          0          0          0          0          0   sys_stackheap_outer.o
         2          0          0          0          0          0   use_no_semi.o
        14          0          0          0          0          0   fpinit.o

    ----------------------------------------------------------------------
       300         20          0          0         96          0   Library Totals
         4          0          0          0          0          0   (incl. Padding)

    ----------------------------------------------------------------------

      Code (inc. data)   RO Data    RW Data    ZI Data      Debug   Library Name

       282         20          0          0         96        640   c_w.l
        14          0          0          0          0         76   fz_ws.l

    ----------------------------------------------------------------------
       300         20          0          0         96          0   Library Totals

    ----------------------------------------------------------------------

==============================================================================


      Code (inc. data)   RO Data    RW Data    ZI Data      Debug   

     21060       1150        308        156      13620     218244   Grand Totals
     21060       1150        308        156      13620     218244   ELF Image Totals
     21060       1150        308        156          0          0   ROM Totals

==============================================================================

    Total RO  Size (Code + RO Data)                21368 (  20.87kB)
    Total RW  Size (RW Data + ZI Data)             13776 (  13.45kB)
    Total ROM Size (Code + RO Data + RW Data)      21524 (  21.02kB)

==============================================================================

