<html>
<body>
<pre>
<h1>礦ision Build Log</h1>
<h2>Project:</h2>
D:\项目1\uCOS_DEMO_for_BikeRent\uCOS_DEMO_for_BikeRent\uCOSDemo.uvproj
Project File Date:  01/30/2015

<h2>Output:</h2>
Build target 'uCOSDemo'
assembling cortexm3_macro.s...
assembling stm32f10x_startup.s...
compiling app.c...
Source\APP\app.c(172): warning:  #223-D: function "NVIC_Configuration" declared implicitly
Source\APP\app.c:       NVIC_Configuration();           //中断配置
Source\APP\app.c:       ^
Source\APP\app.c(174): warning:  #223-D: function "GPIO_Config" declared implicitly
Source\APP\app.c:       GPIO_Config();                          //GPIO配置
Source\APP\app.c:       ^
Source\APP\app.c(176): warning:  #223-D: function "AFIO_Config" declared implicitly
Source\APP\app.c:       AFIO_Config();                          //中断映射                      
Source\APP\app.c:       ^
Source\APP\app.c(178): warning:  #223-D: function "EXTI_Config" declared implicitly
Source\APP\app.c:       EXTI_Config();                          //外部中断使能
Source\APP\app.c:       ^
Source\APP\app.c(180): warning:  #223-D: function "USART4_Configuration" declared implicitly
Source\APP\app.c:       USART4_Configuration();         //IC串口配置
Source\APP\app.c:       ^
Source\APP\app.c(181): warning:  #223-D: function "USART2_Configuration" declared implicitly
Source\APP\app.c:       USART2_Configuration();         //ID串口配置
Source\APP\app.c:       ^
Source\APP\app.c(188): warning:  #223-D: function "Read_Card_ID" declared implicitly
Source\APP\app.c:       if(Read_Card_ID())                      //读取是否有合法的电子标签ID
Source\APP\app.c:          ^
Source\APP\app.c: Source\APP\app.c: 7 warnings, 0 errors
compiling stm32f10x_it.c...
compiling BikeRent.c...
compiling BikeReturn.c...
compiling IC_Op.c...
Source\APP\IC_Op.c(52): warning:  #223-D: function "USART4Write" declared implicitly
Source\APP\IC_Op.c:     USART4Write(TX_Buf,0x0C);  //发送13字节
Source\APP\IC_Op.c:     ^
Source\APP\IC_Op.c(103): warning:  #223-D: function "USART4Write" declared implicitly
Source\APP\IC_Op.c:     USART4Write(TX_Buf,0x1D);  //发送29字节
Source\APP\IC_Op.c:     ^
Source\APP\IC_Op.c(142): warning:  #223-D: function "USART2Write" declared implicitly
Source\APP\IC_Op.c:     USART2Write(Buf,0x05);  //发送5字节
Source\APP\IC_Op.c:     ^
Source\APP\IC_Op.c: Source\APP\IC_Op.c: 3 warnings, 0 errors
compiling CanProcess.c...
Source\APP\CanProcess.c(17): warning:  #223-D: function "COM_Init" declared implicitly
Source\APP\CanProcess.c:        COM_Init();
Source\APP\CanProcess.c:        ^
Source\APP\CanProcess.c(22): warning:  #223-D: function "Task_Bike_Rent" declared implicitly
Source\APP\CanProcess.c:                        Task_Bike_Rent();
Source\APP\CanProcess.c:                        ^
Source\APP\CanProcess.c(25): warning:  #223-D: function "Task_Bike_Return" declared implicitly
Source\APP\CanProcess.c:                        Task_Bike_Return();
Source\APP\CanProcess.c:                        ^
Source\APP\CanProcess.c: Source\APP\CanProcess.c: 3 warnings, 0 errors
compiling bsp.c...
compiling system_stm32f10x.c...
compiling USART.c...
compiling CAN.c...
compiling Voice.c...
compiling RTC.c...
compiling stm32f10x_bkp.c...
compiling stm32f10x_dbgmcu.c...
compiling stm32f10x_exti.c...
compiling stm32f10x_gpio.c...
compiling stm32f10x_lib.c...
compiling stm32f10x_nvic.c...
compiling stm32f10x_pwr.c...
compiling stm32f10x_rcc.c...
compiling stm32f10x_spi.c...
compiling stm32f10x_systick.c...
compiling stm32f10x_tim.c...
compiling stm32f10x_rtc.c...
compiling stm32f10x_flash.c...
compiling stm32f10x_adc.c...
compiling stm32f10x_can.c...
compiling stm32f10x_crc.c...
compiling stm32f10x_dac.c...
compiling stm32f10x_dma.c...
compiling stm32f10x_fsmc.c...
compiling stm32f10x_i2c.c...
compiling stm32f10x_iwdg.c...
compiling stm32f10x_sdio.c...
compiling stm32f10x_usart.c...
compiling stm32f10x_wwdg.c...
compiling os_cpu_c.c...
compiling os_dbg.c...
assembling os_cpu_a.asm...
assembling cpu_a.asm...
compiling os_core.c...
compiling os_flag.c...
compiling os_mbox.c...
compiling os_mem.c...
compiling os_mutex.c...
compiling os_q.c...
compiling os_sem.c...
compiling os_task.c...
compiling os_time.c...
compiling os_tmr.c...
linking...
Program Size: Code=20996 RO-data=308 RW-data=156 ZI-data=13620  
FromELF: creating hex file...
".\Obj\uCOSDemo.axf" - 0 Error(s), 13 Warning(s).
Build target 'uCOSDemo'
linking...
Program Size: Code=20996 RO-data=308 RW-data=156 ZI-data=13620  
FromELF: creating hex file...
".\Obj\uCOSDemo.axf" - 0 Error(s), 0 Warning(s).
Build target 'uCOSDemo'
compiling app.c...
Source\APP\app.c(172): warning:  #223-D: function "NVIC_Configuration" declared implicitly
Source\APP\app.c:       NVIC_Configuration();           //中断配置
Source\APP\app.c:       ^
Source\APP\app.c(174): warning:  #223-D: function "GPIO_Config" declared implicitly
Source\APP\app.c:       GPIO_Config();                          //GPIO配置
Source\APP\app.c:       ^
Source\APP\app.c(176): warning:  #223-D: function "AFIO_Config" declared implicitly
Source\APP\app.c:       AFIO_Config();                          //中断映射                      
Source\APP\app.c:       ^
Source\APP\app.c(178): warning:  #223-D: function "EXTI_Config" declared implicitly
Source\APP\app.c:       EXTI_Config();                          //外部中断使能
Source\APP\app.c:       ^
Source\APP\app.c(180): warning:  #223-D: function "USART4_Configuration" declared implicitly
Source\APP\app.c:       USART4_Configuration();         //IC串口配置
Source\APP\app.c:       ^
Source\APP\app.c(181): warning:  #223-D: function "USART2_Configuration" declared implicitly
Source\APP\app.c:       USART2_Configuration();         //ID串口配置
Source\APP\app.c:       ^
Source\APP\app.c(188): warning:  #223-D: function "Read_Card_ID" declared implicitly
Source\APP\app.c:       if(Read_Card_ID())                      //读取是否有合法的电子标签ID
Source\APP\app.c:          ^
Source\APP\app.c: Source\APP\app.c: 7 warnings, 0 errors
compiling stm32f10x_it.c...
compiling BikeRent.c...
Source\APP\BikeRent.c(57): error:  #268: declaration may not appear after executable statement in block
Source\APP\BikeRent.c:          u8 isValid = IC_Buf.RingBufRx[3+0]; //黑名单
Source\APP\BikeRent.c:          ^
Source\APP\BikeRent.c(63): error:  #268: declaration may not appear after executable statement in block
Source\APP\BikeRent.c:          u8 tranState = IC_Buf.RingBufRx[3+3];
Source\APP\BikeRent.c:          ^
Source\APP\BikeRent.c(64): error:  #20: identifier "TRAN_STATE_RETRUN" is undefined
Source\APP\BikeRent.c:          if(tranState == TRAN_STATE_RETRUN)
Source\APP\BikeRent.c:                          ^
Source\APP\BikeRent.c(77): error:  #20: identifier "TIME" is undefined
Source\APP\BikeRent.c:             get_clock((TIME*)&buf[9]);
Source\APP\BikeRent.c:                        ^
Source\APP\BikeRent.c(77): error:  #29: expected an expression
Source\APP\BikeRent.c:             get_clock((TIME*)&buf[9]);
Source\APP\BikeRent.c:                             ^
Source\APP\BikeRent.c(45): warning:  #546-D: transfer of control bypasses initialization of:
Source\APP\BikeRent.c:             variable "isValid" (declared at line 57)
Source\APP\BikeRent.c:             variable "tranState" (declared at line 63)
Source\APP\BikeRent.c:                  goto RentFail;
Source\APP\BikeRent.c:                  ^
Source\APP\BikeRent.c(51): warning:  #546-D: transfer of control bypasses initialization of:
Source\APP\BikeRent.c:             variable "isValid" (declared at line 57)
Source\APP\BikeRent.c:             variable "tranState" (declared at line 63)
Source\APP\BikeRent.c:                  goto RentFail;
Source\APP\BikeRent.c:                  ^
Source\APP\BikeRent.c(56): warning:  #546-D: transfer of control bypasses initialization of:
Source\APP\BikeRent.c:             variable "isValid" (declared at line 57)
Source\APP\BikeRent.c:             variable "tranState" (declared at line 63)
Source\APP\BikeRent.c:                  goto RentFail;
Source\APP\BikeRent.c:                  ^
Source\APP\BikeRent.c(61): warning:  #546-D: transfer of control bypasses initialization of:
Source\APP\BikeRent.c:             variable "tranState" (declared at line 63)
Source\APP\BikeRent.c:                  goto RentFail;
Source\APP\BikeRent.c:                  ^
Source\APP\BikeRent.c: Source\APP\BikeRent.c: 4 warnings, 5 errors
compiling BikeReturn.c...
compiling IC_Op.c...
Source\APP\IC_Op.c(52): warning:  #223-D: function "USART4Write" declared implicitly
Source\APP\IC_Op.c:     USART4Write(TX_Buf,0x0C);  //发送13字节
Source\APP\IC_Op.c:     ^
Source\APP\IC_Op.c(103): warning:  #223-D: function "USART4Write" declared implicitly
Source\APP\IC_Op.c:     USART4Write(TX_Buf,0x1D);  //发送29字节
Source\APP\IC_Op.c:     ^
Source\APP\IC_Op.c(142): warning:  #223-D: function "USART2Write" declared implicitly
Source\APP\IC_Op.c:     USART2Write(Buf,0x05);  //发送5字节
Source\APP\IC_Op.c:     ^
Source\APP\IC_Op.c: Source\APP\IC_Op.c: 3 warnings, 0 errors
compiling CanProcess.c...
Source\APP\CanProcess.c(17): warning:  #223-D: function "COM_Init" declared implicitly
Source\APP\CanProcess.c:        COM_Init();
Source\APP\CanProcess.c:        ^
Source\APP\CanProcess.c(22): warning:  #223-D: function "Task_Bike_Rent" declared implicitly
Source\APP\CanProcess.c:                        Task_Bike_Rent();
Source\APP\CanProcess.c:                        ^
Source\APP\CanProcess.c(25): warning:  #223-D: function "Task_Bike_Return" declared implicitly
Source\APP\CanProcess.c:                        Task_Bike_Return();
Source\APP\CanProcess.c:                        ^
Source\APP\CanProcess.c: Source\APP\CanProcess.c: 3 warnings, 0 errors
compiling bsp.c...
compiling USART.c...
compiling CAN.c...
compiling Voice.c...
compiling RTC.c...
compiling os_cpu_c.c...
compiling os_dbg.c...
compiling os_core.c...
compiling os_flag.c...
compiling os_mbox.c...
compiling os_mem.c...
compiling os_mutex.c...
compiling os_q.c...
compiling os_sem.c...
compiling os_task.c...
compiling os_time.c...
compiling os_tmr.c...
Target not created
Build target 'uCOSDemo'
assembling cortexm3_macro.s...
assembling stm32f10x_startup.s...
compiling app.c...
Source\APP\app.c(172): warning:  #223-D: function "NVIC_Configuration" declared implicitly
Source\APP\app.c:       NVIC_Configuration();           //中断配置
Source\APP\app.c:       ^
Source\APP\app.c(174): warning:  #223-D: function "GPIO_Config" declared implicitly
Source\APP\app.c:       GPIO_Config();                          //GPIO配置
Source\APP\app.c:       ^
Source\APP\app.c(176): warning:  #223-D: function "AFIO_Config" declared implicitly
Source\APP\app.c:       AFIO_Config();                          //中断映射                      
Source\APP\app.c:       ^
Source\APP\app.c(178): warning:  #223-D: function "EXTI_Config" declared implicitly
Source\APP\app.c:       EXTI_Config();                          //外部中断使能
Source\APP\app.c:       ^
Source\APP\app.c(180): warning:  #223-D: function "USART4_Configuration" declared implicitly
Source\APP\app.c:       USART4_Configuration();         //IC串口配置
Source\APP\app.c:       ^
Source\APP\app.c(181): warning:  #223-D: function "USART2_Configuration" declared implicitly
Source\APP\app.c:       USART2_Configuration();         //ID串口配置
Source\APP\app.c:       ^
Source\APP\app.c(188): warning:  #223-D: function "Read_Card_ID" declared implicitly
Source\APP\app.c:       if(Read_Card_ID())                      //读取是否有合法的电子标签ID
Source\APP\app.c:          ^
Source\APP\app.c: Source\APP\app.c: 7 warnings, 0 errors
compiling stm32f10x_it.c...
compiling BikeRent.c...
Source\APP\BikeRent.c(64): error:  #20: identifier "TRAN_STATE_RETRUN" is undefined
Source\APP\BikeRent.c:          if(tranState == TRAN_STATE_RETRUN)
Source\APP\BikeRent.c:                          ^
Source\APP\BikeRent.c(77): error:  #20: identifier "TIME" is undefined
Source\APP\BikeRent.c:             get_clock((TIME*)&buf[9]);
Source\APP\BikeRent.c:                        ^
Source\APP\BikeRent.c(77): error:  #29: expected an expression
Source\APP\BikeRent.c:             get_clock((TIME*)&buf[9]);
Source\APP\BikeRent.c:                             ^
Source\APP\BikeRent.c: Source\APP\BikeRent.c: 0 warnings, 3 errors
compiling BikeReturn.c...
compiling IC_Op.c...
Source\APP\IC_Op.c(52): warning:  #223-D: function "USART4Write" declared implicitly
Source\APP\IC_Op.c:     USART4Write(TX_Buf,0x0C);  //发送13字节
Source\APP\IC_Op.c:     ^
Source\APP\IC_Op.c(103): warning:  #223-D: function "USART4Write" declared implicitly
Source\APP\IC_Op.c:     USART4Write(TX_Buf,0x1D);  //发送29字节
Source\APP\IC_Op.c:     ^
Source\APP\IC_Op.c(142): warning:  #223-D: function "USART2Write" declared implicitly
Source\APP\IC_Op.c:     USART2Write(Buf,0x05);  //发送5字节
Source\APP\IC_Op.c:     ^
Source\APP\IC_Op.c: Source\APP\IC_Op.c: 3 warnings, 0 errors
compiling CanProcess.c...
Source\APP\CanProcess.c(17): warning:  #223-D: function "COM_Init" declared implicitly
Source\APP\CanProcess.c:        COM_Init();
Source\APP\CanProcess.c:        ^
Source\APP\CanProcess.c(22): warning:  #223-D: function "Task_Bike_Rent" declared implicitly
Source\APP\CanProcess.c:                        Task_Bike_Rent();
Source\APP\CanProcess.c:                        ^
Source\APP\CanProcess.c(25): warning:  #223-D: function "Task_Bike_Return" declared implicitly
Source\APP\CanProcess.c:                        Task_Bike_Return();
Source\APP\CanProcess.c:                        ^
Source\APP\CanProcess.c: Source\APP\CanProcess.c: 3 warnings, 0 errors
compiling bsp.c...
compiling system_stm32f10x.c...
compiling USART.c...
compiling CAN.c...
compiling Voice.c...
compiling RTC.c...
compiling stm32f10x_bkp.c...
compiling stm32f10x_dbgmcu.c...
compiling stm32f10x_exti.c...
compiling stm32f10x_gpio.c...
compiling stm32f10x_lib.c...
compiling stm32f10x_nvic.c...
compiling stm32f10x_pwr.c...
compiling stm32f10x_rcc.c...
compiling stm32f10x_spi.c...
compiling stm32f10x_systick.c...
compiling stm32f10x_tim.c...
compiling stm32f10x_rtc.c...
compiling stm32f10x_flash.c...
compiling stm32f10x_adc.c...
compiling stm32f10x_can.c...
compiling stm32f10x_crc.c...
compiling stm32f10x_dac.c...
compiling stm32f10x_dma.c...
compiling stm32f10x_fsmc.c...
compiling stm32f10x_i2c.c...
compiling stm32f10x_iwdg.c...
compiling stm32f10x_sdio.c...
compiling stm32f10x_usart.c...
compiling stm32f10x_wwdg.c...
compiling os_cpu_c.c...
compiling os_dbg.c...
assembling os_cpu_a.asm...
assembling cpu_a.asm...
compiling os_core.c...
compiling os_flag.c...
compiling os_mbox.c...
compiling os_mem.c...
compiling os_mutex.c...
compiling os_q.c...
compiling os_sem.c...
compiling os_task.c...
compiling os_time.c...
compiling os_tmr.c...
Target not created
Build target 'uCOSDemo'
assembling cortexm3_macro.s...
assembling stm32f10x_startup.s...
compiling app.c...
Source\APP\app.c(172): warning:  #223-D: function "NVIC_Configuration" declared implicitly
Source\APP\app.c:       NVIC_Configuration();           //中断配置
Source\APP\app.c:       ^
Source\APP\app.c(174): warning:  #223-D: function "GPIO_Config" declared implicitly
Source\APP\app.c:       GPIO_Config();                          //GPIO配置
Source\APP\app.c:       ^
Source\APP\app.c(176): warning:  #223-D: function "AFIO_Config" declared implicitly
Source\APP\app.c:       AFIO_Config();                          //中断映射                      
Source\APP\app.c:       ^
Source\APP\app.c(178): warning:  #223-D: function "EXTI_Config" declared implicitly
Source\APP\app.c:       EXTI_Config();                          //外部中断使能
Source\APP\app.c:       ^
Source\APP\app.c(180): warning:  #223-D: function "USART4_Configuration" declared implicitly
Source\APP\app.c:       USART4_Configuration();         //IC串口配置
Source\APP\app.c:       ^
Source\APP\app.c(181): warning:  #223-D: function "USART2_Configuration" declared implicitly
Source\APP\app.c:       USART2_Configuration();         //ID串口配置
Source\APP\app.c:       ^
Source\APP\app.c(188): warning:  #223-D: function "Read_Card_ID" declared implicitly
Source\APP\app.c:       if(Read_Card_ID())                      //读取是否有合法的电子标签ID
Source\APP\app.c:          ^
Source\APP\app.c: Source\APP\app.c: 7 warnings, 0 errors
compiling stm32f10x_it.c...
compiling BikeRent.c...
Source\APP\BikeRent.c(77): error:  #20: identifier "TIME" is undefined
Source\APP\BikeRent.c:             get_clock((TIME*)&buf[9]);
Source\APP\BikeRent.c:                        ^
Source\APP\BikeRent.c(77): error:  #29: expected an expression
Source\APP\BikeRent.c:             get_clock((TIME*)&buf[9]);
Source\APP\BikeRent.c:                             ^
Source\APP\BikeRent.c: Source\APP\BikeRent.c: 0 warnings, 2 errors
compiling BikeReturn.c...
compiling IC_Op.c...
Source\APP\IC_Op.c(52): warning:  #223-D: function "USART4Write" declared implicitly
Source\APP\IC_Op.c:     USART4Write(TX_Buf,0x0C);  //发送13字节
Source\APP\IC_Op.c:     ^
Source\APP\IC_Op.c(103): warning:  #223-D: function "USART4Write" declared implicitly
Source\APP\IC_Op.c:     USART4Write(TX_Buf,0x1D);  //发送29字节
Source\APP\IC_Op.c:     ^
Source\APP\IC_Op.c(142): warning:  #223-D: function "USART2Write" declared implicitly
Source\APP\IC_Op.c:     USART2Write(Buf,0x05);  //发送5字节
Source\APP\IC_Op.c:     ^
Source\APP\IC_Op.c: Source\APP\IC_Op.c: 3 warnings, 0 errors
compiling CanProcess.c...
Source\APP\CanProcess.c(17): warning:  #223-D: function "COM_Init" declared implicitly
Source\APP\CanProcess.c:        COM_Init();
Source\APP\CanProcess.c:        ^
Source\APP\CanProcess.c(22): warning:  #223-D: function "Task_Bike_Rent" declared implicitly
Source\APP\CanProcess.c:                        Task_Bike_Rent();
Source\APP\CanProcess.c:                        ^
Source\APP\CanProcess.c(25): warning:  #223-D: function "Task_Bike_Return" declared implicitly
Source\APP\CanProcess.c:                        Task_Bike_Return();
Source\APP\CanProcess.c:                        ^
Source\APP\CanProcess.c: Source\APP\CanProcess.c: 3 warnings, 0 errors
compiling bsp.c...
compiling system_stm32f10x.c...
compiling USART.c...
compiling CAN.c...
compiling Voice.c...
compiling RTC.c...
compiling stm32f10x_bkp.c...
compiling stm32f10x_dbgmcu.c...
compiling stm32f10x_exti.c...
compiling stm32f10x_gpio.c...
compiling stm32f10x_lib.c...
compiling stm32f10x_nvic.c...
compiling stm32f10x_pwr.c...
compiling stm32f10x_rcc.c...
compiling stm32f10x_spi.c...
compiling stm32f10x_systick.c...
compiling stm32f10x_tim.c...
compiling stm32f10x_rtc.c...
compiling stm32f10x_flash.c...
compiling stm32f10x_adc.c...
compiling stm32f10x_can.c...
compiling stm32f10x_crc.c...
compiling stm32f10x_dac.c...
compiling stm32f10x_dma.c...
compiling stm32f10x_fsmc.c...
compiling stm32f10x_i2c.c...
compiling stm32f10x_iwdg.c...
compiling stm32f10x_sdio.c...
compiling stm32f10x_usart.c...
compiling stm32f10x_wwdg.c...
compiling os_cpu_c.c...
compiling os_dbg.c...
assembling os_cpu_a.asm...
assembling cpu_a.asm...
compiling os_core.c...
compiling os_flag.c...
compiling os_mbox.c...
compiling os_mem.c...
compiling os_mutex.c...
compiling os_q.c...
compiling os_sem.c...
compiling os_task.c...
compiling os_time.c...
compiling os_tmr.c...
Target not created
Build target 'uCOSDemo'
compiling BikeRent.c...
linking...
Program Size: Code=21068 RO-data=308 RW-data=156 ZI-data=13620  
FromELF: creating hex file...
".\Obj\uCOSDemo.axf" - 0 Error(s), 0 Warning(s).
Build target 'uCOSDemo'
assembling cortexm3_macro.s...
assembling stm32f10x_startup.s...
compiling app.c...
Source\APP\app.c(172): warning:  #223-D: function "NVIC_Configuration" declared implicitly
Source\APP\app.c:       NVIC_Configuration();           //中断配置
Source\APP\app.c:       ^
Source\APP\app.c(174): warning:  #223-D: function "GPIO_Config" declared implicitly
Source\APP\app.c:       GPIO_Config();                          //GPIO配置
Source\APP\app.c:       ^
Source\APP\app.c(176): warning:  #223-D: function "AFIO_Config" declared implicitly
Source\APP\app.c:       AFIO_Config();                          //中断映射                      
Source\APP\app.c:       ^
Source\APP\app.c(178): warning:  #223-D: function "EXTI_Config" declared implicitly
Source\APP\app.c:       EXTI_Config();                          //外部中断使能
Source\APP\app.c:       ^
Source\APP\app.c(180): warning:  #223-D: function "USART4_Configuration" declared implicitly
Source\APP\app.c:       USART4_Configuration();         //IC串口配置
Source\APP\app.c:       ^
Source\APP\app.c(181): warning:  #223-D: function "USART2_Configuration" declared implicitly
Source\APP\app.c:       USART2_Configuration();         //ID串口配置
Source\APP\app.c:       ^
Source\APP\app.c(188): warning:  #223-D: function "Read_Card_ID" declared implicitly
Source\APP\app.c:       if(Read_Card_ID())                      //读取是否有合法的电子标签ID
Source\APP\app.c:          ^
Source\APP\app.c: Source\APP\app.c: 7 warnings, 0 errors
compiling stm32f10x_it.c...
compiling BikeRent.c...
compiling BikeReturn.c...
compiling IC_Op.c...
Source\APP\IC_Op.c(52): warning:  #223-D: function "USART4Write" declared implicitly
Source\APP\IC_Op.c:     USART4Write(TX_Buf,0x0C);  //发送13字节
Source\APP\IC_Op.c:     ^
Source\APP\IC_Op.c(103): warning:  #223-D: function "USART4Write" declared implicitly
Source\APP\IC_Op.c:     USART4Write(TX_Buf,0x1D);  //发送29字节
Source\APP\IC_Op.c:     ^
Source\APP\IC_Op.c(142): warning:  #223-D: function "USART2Write" declared implicitly
Source\APP\IC_Op.c:     USART2Write(Buf,0x05);  //发送5字节
Source\APP\IC_Op.c:     ^
Source\APP\IC_Op.c: Source\APP\IC_Op.c: 3 warnings, 0 errors
compiling CanProcess.c...
Source\APP\CanProcess.c(17): warning:  #223-D: function "COM_Init" declared implicitly
Source\APP\CanProcess.c:        COM_Init();
Source\APP\CanProcess.c:        ^
Source\APP\CanProcess.c(22): warning:  #223-D: function "Task_Bike_Rent" declared implicitly
Source\APP\CanProcess.c:                        Task_Bike_Rent();
Source\APP\CanProcess.c:                        ^
Source\APP\CanProcess.c(25): warning:  #223-D: function "Task_Bike_Return" declared implicitly
Source\APP\CanProcess.c:                        Task_Bike_Return();
Source\APP\CanProcess.c:                        ^
Source\APP\CanProcess.c: Source\APP\CanProcess.c: 3 warnings, 0 errors
compiling bsp.c...
compiling system_stm32f10x.c...
compiling USART.c...
compiling CAN.c...
compiling Voice.c...
compiling RTC.c...
compiling stm32f10x_bkp.c...
compiling stm32f10x_dbgmcu.c...
compiling stm32f10x_exti.c...
compiling stm32f10x_gpio.c...
compiling stm32f10x_lib.c...
compiling stm32f10x_nvic.c...
compiling stm32f10x_pwr.c...
compiling stm32f10x_rcc.c...
compiling stm32f10x_spi.c...
compiling stm32f10x_systick.c...
compiling stm32f10x_tim.c...
compiling stm32f10x_rtc.c...
compiling stm32f10x_flash.c...
compiling stm32f10x_adc.c...
compiling stm32f10x_can.c...
compiling stm32f10x_crc.c...
compiling stm32f10x_dac.c...
compiling stm32f10x_dma.c...
compiling stm32f10x_fsmc.c...
compiling stm32f10x_i2c.c...
compiling stm32f10x_iwdg.c...
compiling stm32f10x_sdio.c...
compiling stm32f10x_usart.c...
compiling stm32f10x_wwdg.c...
compiling os_cpu_c.c...
compiling os_dbg.c...
assembling os_cpu_a.asm...
assembling cpu_a.asm...
compiling os_core.c...
compiling os_flag.c...
compiling os_mbox.c...
compiling os_mem.c...
compiling os_mutex.c...
compiling os_q.c...
compiling os_sem.c...
compiling os_task.c...
compiling os_time.c...
compiling os_tmr.c...
linking...
Program Size: Code=21060 RO-data=308 RW-data=156 ZI-data=13620  
FromELF: creating hex file...
".\Obj\uCOSDemo.axf" - 0 Error(s), 13 Warning(s).
